Archive member included to satisfy reference by file (symbol)

/usr/local/gcc-arm-none-eabi-6_2-2016q4/bin/../lib/gcc/arm-none-eabi/6.2.1/../../../../arm-none-eabi/lib/thumb/v7e-m/fpv5-sp/hard/libc.a(lib_a-exit.o)
                              /usr/local/gcc-arm-none-eabi-6_2-2016q4/bin/../lib/gcc/arm-none-eabi/6.2.1/../../../../arm-none-eabi/lib/thumb/v7e-m/fpv5-sp/hard/crt0.o (exit)
/usr/local/gcc-arm-none-eabi-6_2-2016q4/bin/../lib/gcc/arm-none-eabi/6.2.1/../../../../arm-none-eabi/lib/thumb/v7e-m/fpv5-sp/hard/libc.a(lib_a-impure.o)
                              /usr/local/gcc-arm-none-eabi-6_2-2016q4/bin/../lib/gcc/arm-none-eabi/6.2.1/../../../../arm-none-eabi/lib/thumb/v7e-m/fpv5-sp/hard/libc.a(lib_a-exit.o) (_global_impure_ptr)
/usr/local/gcc-arm-none-eabi-6_2-2016q4/bin/../lib/gcc/arm-none-eabi/6.2.1/../../../../arm-none-eabi/lib/thumb/v7e-m/fpv5-sp/hard/libc.a(lib_a-init.o)
                              /usr/local/gcc-arm-none-eabi-6_2-2016q4/bin/../lib/gcc/arm-none-eabi/6.2.1/../../../../arm-none-eabi/lib/thumb/v7e-m/fpv5-sp/hard/crt0.o (__libc_init_array)
/usr/local/gcc-arm-none-eabi-6_2-2016q4/bin/../lib/gcc/arm-none-eabi/6.2.1/../../../../arm-none-eabi/lib/thumb/v7e-m/fpv5-sp/hard/libc.a(lib_a-memset.o)
                              /usr/local/gcc-arm-none-eabi-6_2-2016q4/bin/../lib/gcc/arm-none-eabi/6.2.1/../../../../arm-none-eabi/lib/thumb/v7e-m/fpv5-sp/hard/crt0.o (memset)
/usr/local/gcc-arm-none-eabi-6_2-2016q4/bin/../lib/gcc/arm-none-eabi/6.2.1/../../../../arm-none-eabi/lib/thumb/v7e-m/fpv5-sp/hard/libc.a(lib_a-__call_atexit.o)
                              /usr/local/gcc-arm-none-eabi-6_2-2016q4/bin/../lib/gcc/arm-none-eabi/6.2.1/../../../../arm-none-eabi/lib/thumb/v7e-m/fpv5-sp/hard/libc.a(lib_a-exit.o) (__call_exitprocs)
/usr/local/gcc-arm-none-eabi-6_2-2016q4/bin/../lib/gcc/arm-none-eabi/6.2.1/../../../../arm-none-eabi/lib/thumb/v7e-m/fpv5-sp/hard/libc.a(lib_a-atexit.o)
                              /usr/local/gcc-arm-none-eabi-6_2-2016q4/bin/../lib/gcc/arm-none-eabi/6.2.1/../../../../arm-none-eabi/lib/thumb/v7e-m/fpv5-sp/hard/libc.a(lib_a-__call_atexit.o) (atexit)
/usr/local/gcc-arm-none-eabi-6_2-2016q4/bin/../lib/gcc/arm-none-eabi/6.2.1/../../../../arm-none-eabi/lib/thumb/v7e-m/fpv5-sp/hard/libc.a(lib_a-fini.o)
                              /usr/local/gcc-arm-none-eabi-6_2-2016q4/bin/../lib/gcc/arm-none-eabi/6.2.1/../../../../arm-none-eabi/lib/thumb/v7e-m/fpv5-sp/hard/libc.a(lib_a-__call_atexit.o) (__libc_fini_array)
/usr/local/gcc-arm-none-eabi-6_2-2016q4/bin/../lib/gcc/arm-none-eabi/6.2.1/../../../../arm-none-eabi/lib/thumb/v7e-m/fpv5-sp/hard/libc.a(lib_a-__atexit.o)
                              /usr/local/gcc-arm-none-eabi-6_2-2016q4/bin/../lib/gcc/arm-none-eabi/6.2.1/../../../../arm-none-eabi/lib/thumb/v7e-m/fpv5-sp/hard/libc.a(lib_a-atexit.o) (__register_exitproc)
libraries/libSTM32F4xx_StdPeriph_Driver.a(stm32f4xx_gpio.o)
                              obj/hw_conf.o (GPIO_Init)
libraries/libSTM32F4xx_StdPeriph_Driver.a(stm32f4xx_tim.o)
                              obj/hw_conf.o (TIM_TimeBaseInit)
libraries/libSTM32F4xx_StdPeriph_Driver.a(stm32f4xx_i2c.o)
                              obj/hw_conf.o (I2C_DeInit)
libraries/libSTM32F4xx_StdPeriph_Driver.a(stm32f4xx_rcc.o)
                              libraries/libSTM32F4xx_StdPeriph_Driver.a(stm32f4xx_i2c.o) (RCC_GetClocksFreq)
libraries/libSTM32F4xx_StdPeriph_Driver.a(misc.o)
                              obj/usb_bsp.o (NVIC_PriorityGroupConfig)
libraries/libSTM32F4xx_StdPeriph_Driver.a(usb_dcd_int.o)
                              obj/stm32f4xx_it.o (USBD_OTG_ISR_Handler)
libraries/libSTM32F4xx_StdPeriph_Driver.a(usb_core.o)
                              libraries/libSTM32F4xx_StdPeriph_Driver.a(usb_dcd_int.o) (USB_OTG_WritePacket)
libraries/libSTM32F4xx_StdPeriph_Driver.a(usbd_req.o)
                              obj/usbd_desc.o (USBD_GetString)
libraries/libSTM32F4xx_StdPeriph_Driver.a(usbd_core.o)
                              libraries/libSTM32F4xx_StdPeriph_Driver.a(usbd_req.o) (SET_TEST_MODE)
libraries/libSTM32F4xx_StdPeriph_Driver.a(usbd_ioreq.o)
                              libraries/libSTM32F4xx_StdPeriph_Driver.a(usbd_req.o) (USBD_CtlSendData)
libraries/libSTM32F4xx_StdPeriph_Driver.a(usbd_cdc_core.o)
                              obj/usbd_cdc_vcp.o (APP_Rx_Buffer)
libraries/libSTM32F4xx_StdPeriph_Driver.a(usb_dcd.o)
                              libraries/libSTM32F4xx_StdPeriph_Driver.a(usbd_core.o) (DCD_Init)
/usr/local/gcc-arm-none-eabi-6_2-2016q4/bin/../lib/gcc/arm-none-eabi/6.2.1/../../../../arm-none-eabi/lib/thumb/v7e-m/fpv5-sp/hard/libm.a(lib_a-sf_cos.o)
                              obj/wahba_rot.o (cosf)
/usr/local/gcc-arm-none-eabi-6_2-2016q4/bin/../lib/gcc/arm-none-eabi/6.2.1/../../../../arm-none-eabi/lib/thumb/v7e-m/fpv5-sp/hard/libm.a(lib_a-sf_fabs.o)
                              obj/jacobiTS.o (fabsf)
[...]
Memory Configuration

Name             Origin             Length             Attributes
FLASH            0x0000000008000000 0x0000000000100000 xr
RAM              0x0000000020000000 0x0000000000020000 xrw
CCMRAM           0x0000000010000000 0x0000000000010000 rw
*default*        0x0000000000000000 0xffffffffffffffff

Linker script and memory map

LOAD /usr/local/gcc-arm-none-eabi-6_2-2016q4/bin/../lib/gcc/arm-none-eabi/6.2.1/thumb/v7e-m/fpv5-sp/hard/crti.o
LOAD /usr/local/gcc-arm-none-eabi-6_2-2016q4/bin/../lib/gcc/arm-none-eabi/6.2.1/thumb/v7e-m/fpv5-sp/hard/crtbegin.o
LOAD /usr/local/gcc-arm-none-eabi-6_2-2016q4/bin/../lib/gcc/arm-none-eabi/6.2.1/../../../../arm-none-eabi/lib/thumb/v7e-m/fpv5-sp/hard/crt0.o
                0x000000002001fff8                PROVIDE (_estack, ALIGN (((ORIGIN (RAM) + LENGTH (RAM)) - 0x8), 0x8))
                0x0000000000000200                _Min_Heap_Size = 0x200
                0x0000000000000400                _Min_Stack_Size = 0x400

.isr_vector     0x0000000008000000      0x188
                0x0000000008000000                . = ALIGN (0x4)
 *(.isr_vector)
 .isr_vector    0x0000000008000000      0x188 obj/startup_stm32f40xx.o
                0x0000000008000000                g_pfnVectors
                0x0000000008000188                . = ALIGN (0x4)

.text           0x00000000080001c0     0xb1c4
                0x00000000080001c0                . = ALIGN (0x4)
 *(.text)
 .text          0x00000000080001c0       0x6c /usr/local/gcc-arm-none-eabi-6_2-2016q4/bin/../lib/gcc/arm-none-eabi/6.2.1/thumb/v7e-m/fpv5-sp/hard/crtbegin.o
 *fill*         0x000000000800022c        0x4 
 .text          0x0000000008000230       0xa0 /usr/local/gcc-arm-none-eabi-6_2-2016q4/bin/../lib/gcc/arm-none-eabi/6.2.1/../../../../arm-none-eabi/lib/thumb/v7e-m/fpv5-sp/hard/libc.a(lib_a-memchr.o)
                0x0000000008000230                memchr
 .text          0x00000000080002d0      0x134 /usr/local/gcc-arm-none-eabi-6_2-2016q4/bin/../lib/gcc/arm-none-eabi/6.2.1/../../../../arm-none-eabi/lib/thumb/v7e-m/fpv5-sp/hard/libc.a(lib_a-memcpy.o)
                0x00000000080002d0                memcpy
 *fill*         0x0000000008000404       0x3c 
 .text          0x0000000008000440       0xdc /usr/local/gcc-arm-none-eabi-6_2-2016q4/bin/../lib/gcc/arm-none-eabi/6.2.1/../../../../arm-none-eabi/lib/thumb/v7e-m/fpv5-sp/hard/libc.a(lib_a-strlen.o)
                0x0000000008000440                strlen
 .text          0x000000000800051c      0x370 /usr/local/gcc-arm-none-eabi-6_2-2016q4/bin/../lib/gcc/arm-none-eabi/6.2.1/thumb/v7e-m/fpv5-sp/hard/libgcc.a(_arm_addsubdf3.o)
                0x000000000800051c                __aeabi_drsub
                0x0000000008000524                __aeabi_dsub
                0x0000000008000524                __subdf3
                0x0000000008000528                __adddf3
                0x0000000008000528                __aeabi_dadd
                0x00000000080007a0                __aeabi_ui2d
                0x00000000080007a0                __floatunsidf
                0x00000000080007c0                __floatsidf
                0x00000000080007c0                __aeabi_i2d
                0x00000000080007e4                __extendsfdf2
                0x00000000080007e4                __aeabi_f2d
                0x0000000008000820                __aeabi_ul2d
                0x0000000008000820                __floatundidf
                0x0000000008000830                __floatdidf
                0x0000000008000830                __aeabi_l2d
 .text          0x000000000800088c      0x424 /usr/local/gcc-arm-none-eabi-6_2-2016q4/bin/../lib/gcc/arm-none-eabi/6.2.1/thumb/v7e-m/fpv5-sp/hard/libgcc.a(_arm_muldivdf3.o)
                0x000000000800088c                __aeabi_dmul
                0x000000000800088c                __muldf3
                0x0000000008000ae0                __aeabi_ddiv
                0x0000000008000ae0                __divdf3
 .text          0x0000000008000cb0      0x110 /usr/local/gcc-arm-none-eabi-6_2-2016q4/bin/../lib/gcc/arm-none-eabi/6.2.1/thumb/v7e-m/fpv5-sp/hard/libgcc.a(_arm_cmpdf2.o)
                0x0000000008000cb0                __gtdf2
                0x0000000008000cb0                __gedf2
                0x0000000008000cb8                __ltdf2
                0x0000000008000cb8                __ledf2
                0x0000000008000cc0                __cmpdf2
                0x0000000008000cc0                __eqdf2
                0x0000000008000cc0                __nedf2
                0x0000000008000d3c                __aeabi_cdrcmple
                0x0000000008000d4c                __aeabi_cdcmple
                0x0000000008000d4c                __aeabi_cdcmpeq
                0x0000000008000d5c                __aeabi_dcmpeq
                0x0000000008000d70                __aeabi_dcmplt
                0x0000000008000d84                __aeabi_dcmple
                0x0000000008000d98                __aeabi_dcmpge
                0x0000000008000dac                __aeabi_dcmpgt
 .text          0x0000000008000dc0       0x2c /usr/local/gcc-arm-none-eabi-6_2-2016q4/bin/../lib/gcc/arm-none-eabi/6.2.1/thumb/v7e-m/fpv5-sp/hard/libgcc.a(_arm_unorddf2.o)
                0x0000000008000dc0                __aeabi_dcmpun
                0x0000000008000dc0                __unorddf2
 .text          0x0000000008000dec       0x50 /usr/local/gcc-arm-none-eabi-6_2-2016q4/bin/../lib/gcc/arm-none-eabi/6.2.1/thumb/v7e-m/fpv5-sp/hard/libgcc.a(_arm_fixdfsi.o)
                0x0000000008000dec                __fixdfsi
                0x0000000008000dec                __aeabi_d2iz
 .text          0x0000000008000e3c       0xa0 /usr/local/gcc-arm-none-eabi-6_2-2016q4/bin/../lib/gcc/arm-none-eabi/6.2.1/thumb/v7e-m/fpv5-sp/hard/libgcc.a(_arm_truncdfsf2.o)
                0x0000000008000e3c                __aeabi_d2f
                0x0000000008000e3c                __truncdfsf2
 .text          0x0000000008000edc       0x30 /usr/local/gcc-arm-none-eabi-6_2-2016q4/bin/../lib/gcc/arm-none-eabi/6.2.1/thumb/v7e-m/fpv5-sp/hard/libgcc.a(_aeabi_uldivmod.o)
                0x0000000008000edc                __aeabi_uldivmod
 .text          0x0000000008000f0c      0x2dc /usr/local/gcc-arm-none-eabi-6_2-2016q4/bin/../lib/gcc/arm-none-eabi/6.2.1/thumb/v7e-m/fpv5-sp/hard/libgcc.a(_udivmoddi4.o)
                0x0000000008000f0c                __udivmoddi4
 .text          0x00000000080011e8        0x4 /usr/local/gcc-arm-none-eabi-6_2-2016q4/bin/../lib/gcc/arm-none-eabi/6.2.1/thumb/v7e-m/fpv5-sp/hard/libgcc.a(_dvmd_tls.o)
                0x00000000080011e8                __aeabi_ldiv0
                0x00000000080011e8                __aeabi_idiv0
 *(.text*)
 .text.__libc_init_array
                0x00000000080011ec       0x50 /usr/local/gcc-arm-none-eabi-6_2-2016q4/bin/../lib/gcc/arm-none-eabi/6.2.1/../../../../arm-none-eabi/lib/thumb/v7e-m/fpv5-sp/hard/libc.a(lib_a-init.o)
                0x00000000080011ec                __libc_init_array
 .text.memset   0x000000000800123c       0x9c /usr/local/gcc-arm-none-eabi-6_2-2016q4/bin/../lib/gcc/arm-none-eabi/6.2.1/../../../../arm-none-eabi/lib/thumb/v7e-m/fpv5-sp/hard/libc.a(lib_a-memset.o)
                0x000000000800123c                memset
 .text.startup.register_fini
                0x00000000080012d8       0x14 /usr/local/gcc-arm-none-eabi-6_2-2016q4/bin/../lib/gcc/arm-none-eabi/6.2.1/../../../../arm-none-eabi/lib/thumb/v7e-m/fpv5-sp/hard/libc.a(lib_a-__call_atexit.o)
 .text.atexit   0x00000000080012ec        0xc /usr/local/gcc-arm-none-eabi-6_2-2016q4/bin/../lib/gcc/arm-none-eabi/6.2.1/../../../../arm-none-eabi/lib/thumb/v7e-m/fpv5-sp/hard/libc.a(lib_a-atexit.o)
                0x00000000080012ec                atexit
 .text.__libc_fini_array
                0x00000000080012f8       0x34 /usr/local/gcc-arm-none-eabi-6_2-2016q4/bin/../lib/gcc/arm-none-eabi/6.2.1/../../../../arm-none-eabi/lib/thumb/v7e-m/fpv5-sp/hard/libc.a(lib_a-fini.o)
                0x00000000080012f8                __libc_fini_array
 .text.__register_exitproc
                0x000000000800132c       0xa4 /usr/local/gcc-arm-none-eabi-6_2-2016q4/bin/../lib/gcc/arm-none-eabi/6.2.1/../../../../arm-none-eabi/lib/thumb/v7e-m/fpv5-sp/hard/libc.a(lib_a-__atexit.o)
                0x000000000800132c                __register_exitproc
 .text.lsm9ds0_Init
                0x00000000080013d0       0xac obj/lsm9ds0.o
                0x00000000080013d0                lsm9ds0_Init
 .text.lsm9ds0_read
                0x000000000800147c      0x1d4 obj/lsm9ds0.o
                0x000000000800147c                lsm9ds0_read
 .text.delay_us
                0x0000000008001650       0x18 obj/hw_conf.o
                0x0000000008001650                delay_us
 .text.I2C_write
                0x0000000008001668      0x288 obj/hw_conf.o
                0x0000000008001668                I2C_write
 .text.I2C_read
                0x00000000080018f0      0x3e4 obj/hw_conf.o
                0x00000000080018f0                I2C_read
 .text.LedInit  0x0000000008001cd4       0x28 obj/hw_conf.o
                0x0000000008001cd4                LedInit
 .text.GenTimInit
                0x0000000008001cfc       0x38 obj/hw_conf.o
                0x0000000008001cfc                GenTimInit
 .text.imu_init
                0x0000000008001d34      0x164 obj/hw_conf.o
                0x0000000008001d34                imu_init
 .text.USB_OTG_BSP_Init
                0x0000000008001e98       0x98 obj/usb_bsp.o
                0x0000000008001e98                USB_OTG_BSP_Init
 .text.USB_OTG_BSP_EnableInterrupt
                0x0000000008001f30       0x24 obj/usb_bsp.o
                0x0000000008001f30                USB_OTG_BSP_EnableInterrupt
 .text.USB_OTG_BSP_uDelay
                0x0000000008001f54       0x24 obj/usb_bsp.o
                0x0000000008001f54                USB_OTG_BSP_uDelay
 .text.USB_OTG_BSP_mDelay
                0x0000000008001f78       0x28 obj/usb_bsp.o
                0x0000000008001f78                USB_OTG_BSP_mDelay
 .text.USBD_USR_DeviceReset
                0x0000000008001fa0        0x4 obj/usbd_usr.o
                0x0000000008001fa0                USBD_USR_DeviceReset
 .text.USBD_USR_DeviceDisconnected
                0x0000000008001fa4        0x4 obj/usbd_usr.o
                0x0000000008001fa4                USBD_USR_DeviceDisconnected
 .text.USBD_USR_DeviceConnected
                0x0000000008001fa8        0x4 obj/usbd_usr.o
                0x0000000008001fa8                USBD_USR_DeviceConnected
 .text.USBD_USR_Init
                0x0000000008001fac        0x4 obj/usbd_usr.o
                0x0000000008001fac                USBD_USR_Init
 .text.USBD_USR_DeviceConfigured
                0x0000000008001fb0        0x4 obj/usbd_usr.o
                0x0000000008001fb0                USBD_USR_DeviceConfigured
 .text.USBD_USR_DeviceSuspended
                0x0000000008001fb4        0x4 obj/usbd_usr.o
                0x0000000008001fb4                USBD_USR_DeviceSuspended
 .text.USBD_USR_DeviceResumed
                0x0000000008001fb8        0x4 obj/usbd_usr.o
                0x0000000008001fb8                USBD_USR_DeviceResumed
 .text.startup.main
                0x0000000008001fbc       0xa0 obj/main.o
                0x0000000008001fbc                main
 .text.SysTick_Handler
                0x000000000800205c       0xe8 obj/main.o
                0x000000000800205c                SysTick_Handler
 .text.NMI_Handler
                0x0000000008002144        0x4 obj/stm32f4xx_it.o
                0x0000000008002144                NMI_Handler
 .text.HardFault_Handler
                0x0000000008002148        0x4 obj/stm32f4xx_it.o
                0x0000000008002148                HardFault_Handler
 .text.MemManage_Handler
                0x000000000800214c        0x4 obj/stm32f4xx_it.o
                0x000000000800214c                MemManage_Handler
 .text.BusFault_Handler
                0x0000000008002150        0x4 obj/stm32f4xx_it.o
                0x0000000008002150                BusFault_Handler
 .text.UsageFault_Handler
                0x0000000008002154        0x4 obj/stm32f4xx_it.o
                0x0000000008002154                UsageFault_Handler
 .text.SVC_Handler
                0x0000000008002158        0x4 obj/stm32f4xx_it.o
                0x0000000008002158                SVC_Handler
 .text.DebugMon_Handler
                0x000000000800215c        0x4 obj/stm32f4xx_it.o
                0x000000000800215c                DebugMon_Handler
 .text.PendSV_Handler
                0x0000000008002160        0x4 obj/stm32f4xx_it.o
                0x0000000008002160                PendSV_Handler
 .text.OTG_FS_IRQHandler
                0x0000000008002164        0xc obj/stm32f4xx_it.o
                0x0000000008002164                OTG_FS_IRQHandler
 .text.jacobi2Sided
                0x0000000008002170      0x4d4 obj/jacobiTS.o
                0x0000000008002170                jacobi2Sided
 .text.WahbaJacobiSVDRotM
                0x0000000008002644      0x1a0 obj/jacobiTS.o
                0x0000000008002644                WahbaJacobiSVDRotM
 .text.USBD_USR_DeviceDescriptor
                0x00000000080027e4        0xc obj/usbd_desc.o
                0x00000000080027e4                USBD_USR_DeviceDescriptor
 .text.USBD_USR_LangIDStrDescriptor
                0x00000000080027f0        0xc obj/usbd_desc.o
                0x00000000080027f0                USBD_USR_LangIDStrDescriptor
 .text.USBD_USR_ManufacturerStrDescriptor
                0x00000000080027fc       0x1c obj/usbd_desc.o
                0x00000000080027fc                USBD_USR_ManufacturerStrDescriptor
 .text.USBD_USR_ProductStrDescriptor
                0x0000000008002818       0x28 obj/usbd_desc.o
                0x0000000008002818                USBD_USR_ProductStrDescriptor
 .text.USBD_USR_ConfigStrDescriptor
                0x0000000008002840       0x1c obj/usbd_desc.o
                0x0000000008002840                USBD_USR_ConfigStrDescriptor
 .text.USBD_USR_InterfaceStrDescriptor
                0x000000000800285c       0x1c obj/usbd_desc.o
                0x000000000800285c                USBD_USR_InterfaceStrDescriptor
 .text.USBD_USR_SerialStrDescriptor
                0x0000000008002878      0x114 obj/usbd_desc.o
                0x0000000008002878                USBD_USR_SerialStrDescriptor
 .text.wahba_StructInit
                0x000000000800298c       0x7c obj/wahba_rot.o
                0x000000000800298c                wahba_StructInit
 .text.wahba_rot
                0x0000000008002a08      0xcc4 obj/wahba_rot.o
                0x0000000008002a08                wahba_rot
 .text.SystemInit
                0x00000000080036cc       0xfc obj/system_stm32f4xx.o
                0x00000000080036cc                SystemInit
 .text.VCP_DeInit
                0x00000000080037c8        0x4 obj/usbd_cdc_vcp.o
                0x00000000080037c8                VCP_DeInit
 .text.VCP_Ctrl
                0x00000000080037cc        0x4 obj/usbd_cdc_vcp.o
                0x00000000080037cc                VCP_Ctrl
 .text.VCP_DataTx
                0x00000000080037d0       0x84 obj/usbd_cdc_vcp.o
                0x00000000080037d0                VCP_DataTx
 .text.VCP_DataRx
                0x0000000008003854       0x38 obj/usbd_cdc_vcp.o
                0x0000000008003854                VCP_DataRx
 .text.VCP_Init
                0x000000000800388c        0x4 obj/usbd_cdc_vcp.o
                0x000000000800388c                VCP_Init
 .text.Reset_Handler
                0x0000000008003890       0x48 obj/startup_stm32f40xx.o
                0x0000000008003890                Reset_Handler
 .text.Default_Handler
                0x00000000080038d8        0x2 obj/startup_stm32f40xx.o
                0x00000000080038d8                RTC_Alarm_IRQHandler
                0x00000000080038d8                HASH_RNG_IRQHandler
                0x00000000080038d8                EXTI2_IRQHandler
                0x00000000080038d8                TIM8_CC_IRQHandler
                0x00000000080038d8                TIM1_CC_IRQHandler
                0x00000000080038d8                DMA2_Stream5_IRQHandler
                0x00000000080038d8                DMA1_Stream5_IRQHandler
                0x00000000080038d8                PVD_IRQHandler
                0x00000000080038d8                SDIO_IRQHandler
                0x00000000080038d8                TAMP_STAMP_IRQHandler
                0x00000000080038d8                CAN2_RX1_IRQHandler
                0x00000000080038d8                EXTI3_IRQHandler
                0x00000000080038d8                TIM8_TRG_COM_TIM14_IRQHandler
                0x00000000080038d8                TIM1_UP_TIM10_IRQHandler
                0x00000000080038d8                TIM8_UP_TIM13_IRQHandler
                0x00000000080038d8                I2C3_ER_IRQHandler
                0x00000000080038d8                EXTI0_IRQHandler
                0x00000000080038d8                I2C2_EV_IRQHandler
                0x00000000080038d8                DMA1_Stream2_IRQHandler
                0x00000000080038d8                CAN1_RX0_IRQHandler
                0x00000000080038d8                FPU_IRQHandler
                0x00000000080038d8                OTG_HS_WKUP_IRQHandler
                0x00000000080038d8                CAN2_SCE_IRQHandler
                0x00000000080038d8                DMA2_Stream2_IRQHandler
                0x00000000080038d8                SPI1_IRQHandler
                0x00000000080038d8                TIM6_DAC_IRQHandler
                0x00000000080038d8                TIM1_BRK_TIM9_IRQHandler
                0x00000000080038d8                DCMI_IRQHandler
                0x00000000080038d8                CAN2_RX0_IRQHandler
                0x00000000080038d8                DMA2_Stream3_IRQHandler
                0x00000000080038d8                USART6_IRQHandler
                0x00000000080038d8                USART3_IRQHandler
                0x00000000080038d8                CRYP_IRQHandler
                0x00000000080038d8                CAN1_RX1_IRQHandler
                0x00000000080038d8                UART5_IRQHandler
                0x00000000080038d8                DMA2_Stream0_IRQHandler
                0x00000000080038d8                TIM4_IRQHandler
                0x00000000080038d8                I2C1_EV_IRQHandler
                0x00000000080038d8                DMA1_Stream6_IRQHandler
                0x00000000080038d8                DMA1_Stream1_IRQHandler
                0x00000000080038d8                UART4_IRQHandler
                0x00000000080038d8                TIM3_IRQHandler
                0x00000000080038d8                RCC_IRQHandler
                0x00000000080038d8                TIM8_BRK_TIM12_IRQHandler
                0x00000000080038d8                Default_Handler
                0x00000000080038d8                EXTI15_10_IRQHandler
                0x00000000080038d8                ADC_IRQHandler
                0x00000000080038d8                DMA1_Stream7_IRQHandler
                0x00000000080038d8                TIM7_IRQHandler
                0x00000000080038d8                CAN2_TX_IRQHandler
                0x00000000080038d8                TIM5_IRQHandler
                0x00000000080038d8                DMA2_Stream7_IRQHandler
                0x00000000080038d8                I2C3_EV_IRQHandler
                0x00000000080038d8                EXTI9_5_IRQHandler
                0x00000000080038d8                RTC_WKUP_IRQHandler
                0x00000000080038d8                ETH_WKUP_IRQHandler
                0x00000000080038d8                SPI2_IRQHandler
                0x00000000080038d8                OTG_HS_EP1_IN_IRQHandler
                0x00000000080038d8                DMA1_Stream0_IRQHandler
                0x00000000080038d8                CAN1_TX_IRQHandler
                0x00000000080038d8                EXTI4_IRQHandler
                0x00000000080038d8                FSMC_IRQHandler
                0x00000000080038d8                ETH_IRQHandler
                0x00000000080038d8                OTG_HS_EP1_OUT_IRQHandler
                0x00000000080038d8                WWDG_IRQHandler
                0x00000000080038d8                TIM2_IRQHandler
                0x00000000080038d8                OTG_FS_WKUP_IRQHandler
                0x00000000080038d8                TIM1_TRG_COM_TIM11_IRQHandler
                0x00000000080038d8                OTG_HS_IRQHandler
                0x00000000080038d8                EXTI1_IRQHandler
                0x00000000080038d8                USART2_IRQHandler
                0x00000000080038d8                I2C2_ER_IRQHandler
                0x00000000080038d8                DMA2_Stream1_IRQHandler
                0x00000000080038d8                CAN1_SCE_IRQHandler
                0x00000000080038d8                FLASH_IRQHandler
                0x00000000080038d8                DMA2_Stream4_IRQHandler
                0x00000000080038d8                USART1_IRQHandler
                0x00000000080038d8                SPI3_IRQHandler
                0x00000000080038d8                DMA1_Stream4_IRQHandler
                0x00000000080038d8                I2C1_ER_IRQHandler
                0x00000000080038d8                DMA2_Stream6_IRQHandler
                0x00000000080038d8                DMA1_Stream3_IRQHandler
 *fill*         0x00000000080038da        0x2 
 .text.GPIO_Init
                0x00000000080038dc       0xa8 libraries/libSTM32F4xx_StdPeriph_Driver.a(stm32f4xx_gpio.o)
                0x00000000080038dc                GPIO_Init
 .text.GPIO_PinAFConfig
                0x0000000008003984       0x2c libraries/libSTM32F4xx_StdPeriph_Driver.a(stm32f4xx_gpio.o)
                0x0000000008003984                GPIO_PinAFConfig
 .text.TIM_TimeBaseInit
                0x00000000080039b0       0x9c libraries/libSTM32F4xx_StdPeriph_Driver.a(stm32f4xx_tim.o)
                0x00000000080039b0                TIM_TimeBaseInit
 .text.TIM_Cmd  0x0000000008003a4c       0x1c libraries/libSTM32F4xx_StdPeriph_Driver.a(stm32f4xx_tim.o)
                0x0000000008003a4c                TIM_Cmd
 .text.I2C_DeInit
                0x0000000008003a68       0x6c libraries/libSTM32F4xx_StdPeriph_Driver.a(stm32f4xx_i2c.o)
                0x0000000008003a68                I2C_DeInit
 .text.I2C_Init
                0x0000000008003ad4       0xe4 libraries/libSTM32F4xx_StdPeriph_Driver.a(stm32f4xx_i2c.o)
                0x0000000008003ad4                I2C_Init
 .text.I2C_Cmd  0x0000000008003bb8       0x1c libraries/libSTM32F4xx_StdPeriph_Driver.a(stm32f4xx_i2c.o)
                0x0000000008003bb8                I2C_Cmd
 .text.I2C_GenerateSTART
                0x0000000008003bd4       0x1c libraries/libSTM32F4xx_StdPeriph_Driver.a(stm32f4xx_i2c.o)
                0x0000000008003bd4                I2C_GenerateSTART
 .text.I2C_GenerateSTOP
                0x0000000008003bf0       0x1c libraries/libSTM32F4xx_StdPeriph_Driver.a(stm32f4xx_i2c.o)
                0x0000000008003bf0                I2C_GenerateSTOP
 .text.I2C_Send7bitAddress
                0x0000000008003c0c       0x18 libraries/libSTM32F4xx_StdPeriph_Driver.a(stm32f4xx_i2c.o)
                0x0000000008003c0c                I2C_Send7bitAddress
 .text.I2C_AcknowledgeConfig
                0x0000000008003c24       0x1c libraries/libSTM32F4xx_StdPeriph_Driver.a(stm32f4xx_i2c.o)
                0x0000000008003c24                I2C_AcknowledgeConfig
 .text.I2C_SoftwareResetCmd
                0x0000000008003c40       0x1c libraries/libSTM32F4xx_StdPeriph_Driver.a(stm32f4xx_i2c.o)
                0x0000000008003c40                I2C_SoftwareResetCmd
 .text.I2C_StretchClockCmd
                0x0000000008003c5c       0x1c libraries/libSTM32F4xx_StdPeriph_Driver.a(stm32f4xx_i2c.o)
                0x0000000008003c5c                I2C_StretchClockCmd
 .text.I2C_SendData
                0x0000000008003c78        0x4 libraries/libSTM32F4xx_StdPeriph_Driver.a(stm32f4xx_i2c.o)
                0x0000000008003c78                I2C_SendData
 .text.I2C_ReceiveData
                0x0000000008003c7c        0x8 libraries/libSTM32F4xx_StdPeriph_Driver.a(stm32f4xx_i2c.o)
                0x0000000008003c7c                I2C_ReceiveData
 .text.I2C_CheckEvent
                0x0000000008003c84       0x1c libraries/libSTM32F4xx_StdPeriph_Driver.a(stm32f4xx_i2c.o)
                0x0000000008003c84                I2C_CheckEvent
 .text.RCC_GetClocksFreq
                0x0000000008003ca0       0x90 libraries/libSTM32F4xx_StdPeriph_Driver.a(stm32f4xx_rcc.o)
                0x0000000008003ca0                RCC_GetClocksFreq
 .text.RCC_AHB1PeriphClockCmd
                0x0000000008003d30       0x18 libraries/libSTM32F4xx_StdPeriph_Driver.a(stm32f4xx_rcc.o)
                0x0000000008003d30                RCC_AHB1PeriphClockCmd
 .text.RCC_AHB2PeriphClockCmd
                0x0000000008003d48       0x18 libraries/libSTM32F4xx_StdPeriph_Driver.a(stm32f4xx_rcc.o)
                0x0000000008003d48                RCC_AHB2PeriphClockCmd
 .text.RCC_APB1PeriphClockCmd
                0x0000000008003d60       0x18 libraries/libSTM32F4xx_StdPeriph_Driver.a(stm32f4xx_rcc.o)
                0x0000000008003d60                RCC_APB1PeriphClockCmd
 .text.RCC_APB2PeriphClockCmd
                0x0000000008003d78       0x18 libraries/libSTM32F4xx_StdPeriph_Driver.a(stm32f4xx_rcc.o)
                0x0000000008003d78                RCC_APB2PeriphClockCmd
 .text.RCC_APB1PeriphResetCmd
                0x0000000008003d90       0x18 libraries/libSTM32F4xx_StdPeriph_Driver.a(stm32f4xx_rcc.o)
                0x0000000008003d90                RCC_APB1PeriphResetCmd
 .text.NVIC_PriorityGroupConfig
                0x0000000008003da8       0x14 libraries/libSTM32F4xx_StdPeriph_Driver.a(misc.o)
                0x0000000008003da8                NVIC_PriorityGroupConfig
 .text.NVIC_Init
                0x0000000008003dbc       0x68 libraries/libSTM32F4xx_StdPeriph_Driver.a(misc.o)
                0x0000000008003dbc                NVIC_Init
 .text.SysTick_CLKSourceConfig
                0x0000000008003e24       0x18 libraries/libSTM32F4xx_StdPeriph_Driver.a(misc.o)
                0x0000000008003e24                SysTick_CLKSourceConfig
 .text.USBD_OTG_ISR_Handler
                0x0000000008003e3c      0x6b8 libraries/libSTM32F4xx_StdPeriph_Driver.a(usb_dcd_int.o)
                0x0000000008003e3c                USBD_OTG_ISR_Handler
 .text.USB_OTG_WritePacket
                0x00000000080044f4       0x28 libraries/libSTM32F4xx_StdPeriph_Driver.a(usb_core.o)
                0x00000000080044f4                USB_OTG_WritePacket
 .text.USB_OTG_ReadPacket
                0x000000000800451c       0x28 libraries/libSTM32F4xx_StdPeriph_Driver.a(usb_core.o)
                0x000000000800451c                USB_OTG_ReadPacket
 .text.USB_OTG_SelectCore
                0x0000000008004544      0x354 libraries/libSTM32F4xx_StdPeriph_Driver.a(usb_core.o)
                0x0000000008004544                USB_OTG_SelectCore
 .text.USB_OTG_CoreInit
                0x0000000008004898      0x13c libraries/libSTM32F4xx_StdPeriph_Driver.a(usb_core.o)
                0x0000000008004898                USB_OTG_CoreInit
 .text.USB_OTG_EnableGlobalInt
                0x00000000080049d4       0x10 libraries/libSTM32F4xx_StdPeriph_Driver.a(usb_core.o)
                0x00000000080049d4                USB_OTG_EnableGlobalInt
 .text.USB_OTG_DisableGlobalInt
                0x00000000080049e4       0x10 libraries/libSTM32F4xx_StdPeriph_Driver.a(usb_core.o)
                0x00000000080049e4                USB_OTG_DisableGlobalInt
 .text.USB_OTG_FlushTxFifo
                0x00000000080049f4       0x48 libraries/libSTM32F4xx_StdPeriph_Driver.a(usb_core.o)
                0x00000000080049f4                USB_OTG_FlushTxFifo
 .text.USB_OTG_SetCurrentMode
                0x0000000008004a3c       0x2c libraries/libSTM32F4xx_StdPeriph_Driver.a(usb_core.o)
                0x0000000008004a3c                USB_OTG_SetCurrentMode
 .text.USB_OTG_IsDeviceMode
                0x0000000008004a68        0xc libraries/libSTM32F4xx_StdPeriph_Driver.a(usb_core.o)
                0x0000000008004a68                USB_OTG_IsDeviceMode
 .text.USB_OTG_ReadCoreItr
                0x0000000008004a74        0xc libraries/libSTM32F4xx_StdPeriph_Driver.a(usb_core.o)
                0x0000000008004a74                USB_OTG_ReadCoreItr
 .text.USB_OTG_CoreInitDev
                0x0000000008004a80      0x454 libraries/libSTM32F4xx_StdPeriph_Driver.a(usb_core.o)
                0x0000000008004a80                USB_OTG_CoreInitDev
 .text.USB_OTG_GetDeviceSpeed
                0x0000000008004ed4       0x14 libraries/libSTM32F4xx_StdPeriph_Driver.a(usb_core.o)
                0x0000000008004ed4                USB_OTG_GetDeviceSpeed
 .text.USB_OTG_EP0Activate
                0x0000000008004ee8       0x38 libraries/libSTM32F4xx_StdPeriph_Driver.a(usb_core.o)
                0x0000000008004ee8                USB_OTG_EP0Activate
 .text.USB_OTG_EPActivate
                0x0000000008004f20       0x5c libraries/libSTM32F4xx_StdPeriph_Driver.a(usb_core.o)
                0x0000000008004f20                USB_OTG_EPActivate
 .text.USB_OTG_EPDeactivate
                0x0000000008004f7c       0x44 libraries/libSTM32F4xx_StdPeriph_Driver.a(usb_core.o)
                0x0000000008004f7c                USB_OTG_EPDeactivate
 .text.USB_OTG_EPStartXfer
                0x0000000008004fc0      0x134 libraries/libSTM32F4xx_StdPeriph_Driver.a(usb_core.o)
                0x0000000008004fc0                USB_OTG_EPStartXfer
 .text.USB_OTG_EP0StartXfer
                0x00000000080050f4       0xa8 libraries/libSTM32F4xx_StdPeriph_Driver.a(usb_core.o)
                0x00000000080050f4                USB_OTG_EP0StartXfer
 .text.USB_OTG_EPSetStall
                0x000000000800519c       0x30 libraries/libSTM32F4xx_StdPeriph_Driver.a(usb_core.o)
                0x000000000800519c                USB_OTG_EPSetStall
 .text.USB_OTG_EPClearStall
                0x00000000080051cc       0x2c libraries/libSTM32F4xx_StdPeriph_Driver.a(usb_core.o)
                0x00000000080051cc                USB_OTG_EPClearStall
 .text.USB_OTG_ReadDevAllOutEp_itr
                0x00000000080051f8        0xc libraries/libSTM32F4xx_StdPeriph_Driver.a(usb_core.o)
                0x00000000080051f8                USB_OTG_ReadDevAllOutEp_itr
 .text.USB_OTG_ReadDevOutEP_itr
                0x0000000008005204       0x10 libraries/libSTM32F4xx_StdPeriph_Driver.a(usb_core.o)
                0x0000000008005204                USB_OTG_ReadDevOutEP_itr
 .text.USB_OTG_ReadDevAllInEPItr
                0x0000000008005214        0xc libraries/libSTM32F4xx_StdPeriph_Driver.a(usb_core.o)
                0x0000000008005214                USB_OTG_ReadDevAllInEPItr
 .text.USB_OTG_EP0_OutStart
                0x0000000008005220       0x28 libraries/libSTM32F4xx_StdPeriph_Driver.a(usb_core.o)
                0x0000000008005220                USB_OTG_EP0_OutStart
 .text.USBD_StdDevReq
                0x0000000008005248      0x2e0 libraries/libSTM32F4xx_StdPeriph_Driver.a(usbd_req.o)
                0x0000000008005248                USBD_StdDevReq
 .text.USBD_StdItfReq
                0x0000000008005528       0x44 libraries/libSTM32F4xx_StdPeriph_Driver.a(usbd_req.o)
                0x0000000008005528                USBD_StdItfReq
 .text.USBD_StdEPReq
                0x000000000800556c       0xf0 libraries/libSTM32F4xx_StdPeriph_Driver.a(usbd_req.o)
                0x000000000800556c                USBD_StdEPReq
 .text.USBD_ParseSetupRequest
                0x000000000800565c       0x44 libraries/libSTM32F4xx_StdPeriph_Driver.a(usbd_req.o)
                0x000000000800565c                USBD_ParseSetupRequest
 .text.USBD_CtlError
                0x00000000080056a0       0x1c libraries/libSTM32F4xx_StdPeriph_Driver.a(usbd_req.o)
                0x00000000080056a0                USBD_CtlError
 .text.USBD_GetString
                0x00000000080056bc       0x4c libraries/libSTM32F4xx_StdPeriph_Driver.a(usbd_req.o)
                0x00000000080056bc                USBD_GetString
 .text.USBD_Resume
                0x0000000008005708       0x18 libraries/libSTM32F4xx_StdPeriph_Driver.a(usbd_core.o)
 .text.USBD_Suspend
                0x0000000008005720       0x1c libraries/libSTM32F4xx_StdPeriph_Driver.a(usbd_core.o)
 .text.USBD_SOF
                0x000000000800573c       0x10 libraries/libSTM32F4xx_StdPeriph_Driver.a(usbd_core.o)
 .text.USBD_IsoINIncomplete
                0x000000000800574c       0x10 libraries/libSTM32F4xx_StdPeriph_Driver.a(usbd_core.o)
 .text.USBD_IsoOUTIncomplete
                0x000000000800575c       0x10 libraries/libSTM32F4xx_StdPeriph_Driver.a(usbd_core.o)
 .text.USBD_DevConnected
                0x000000000800576c       0x18 libraries/libSTM32F4xx_StdPeriph_Driver.a(usbd_core.o)
 .text.USBD_DevDisconnected
                0x0000000008005784       0x20 libraries/libSTM32F4xx_StdPeriph_Driver.a(usbd_core.o)
 .text.USBD_Reset
                0x00000000080057a4       0x30 libraries/libSTM32F4xx_StdPeriph_Driver.a(usbd_core.o)
 .text.USBD_SetupStage
                0x00000000080057d4       0x58 libraries/libSTM32F4xx_StdPeriph_Driver.a(usbd_core.o)
 .text.USBD_DataInStage
                0x000000000800582c       0xc4 libraries/libSTM32F4xx_StdPeriph_Driver.a(usbd_core.o)
 .text.USBD_DataOutStage
                0x00000000080058f0       0x78 libraries/libSTM32F4xx_StdPeriph_Driver.a(usbd_core.o)
 .text.USBD_Init
                0x0000000008005968       0x38 libraries/libSTM32F4xx_StdPeriph_Driver.a(usbd_core.o)
                0x0000000008005968                USBD_Init
 .text.USBD_SetCfg
                0x00000000080059a0       0x18 libraries/libSTM32F4xx_StdPeriph_Driver.a(usbd_core.o)
                0x00000000080059a0                USBD_SetCfg
 .text.USBD_ClrCfg
                0x00000000080059b8       0x10 libraries/libSTM32F4xx_StdPeriph_Driver.a(usbd_core.o)
                0x00000000080059b8                USBD_ClrCfg
 .text.USBD_CtlSendData
                0x00000000080059c8       0x20 libraries/libSTM32F4xx_StdPeriph_Driver.a(usbd_ioreq.o)
                0x00000000080059c8                USBD_CtlSendData
 .text.USBD_CtlContinueSendData
                0x00000000080059e8       0x10 libraries/libSTM32F4xx_StdPeriph_Driver.a(usbd_ioreq.o)
                0x00000000080059e8                USBD_CtlContinueSendData
 .text.USBD_CtlPrepareRx
                0x00000000080059f8       0x20 libraries/libSTM32F4xx_StdPeriph_Driver.a(usbd_ioreq.o)
                0x00000000080059f8                USBD_CtlPrepareRx
 .text.USBD_CtlContinueRx
                0x0000000008005a18       0x10 libraries/libSTM32F4xx_StdPeriph_Driver.a(usbd_ioreq.o)
                0x0000000008005a18                USBD_CtlContinueRx
 .text.USBD_CtlSendStatus
                0x0000000008005a28       0x20 libraries/libSTM32F4xx_StdPeriph_Driver.a(usbd_ioreq.o)
                0x0000000008005a28                USBD_CtlSendStatus
 .text.USBD_CtlReceiveStatus
                0x0000000008005a48       0x20 libraries/libSTM32F4xx_StdPeriph_Driver.a(usbd_ioreq.o)
                0x0000000008005a48                USBD_CtlReceiveStatus
 .text.usbd_cdc_EP0_RxReady
                0x0000000008005a68       0x30 libraries/libSTM32F4xx_StdPeriph_Driver.a(usbd_cdc_core.o)
                0x0000000008005a68                usbd_cdc_EP0_RxReady
 .text.USBD_cdc_GetCfgDesc
                0x0000000008005a98        0xc libraries/libSTM32F4xx_StdPeriph_Driver.a(usbd_cdc_core.o)
 .text.usbd_cdc_Init
                0x0000000008005aa4       0x54 libraries/libSTM32F4xx_StdPeriph_Driver.a(usbd_cdc_core.o)
                0x0000000008005aa4                usbd_cdc_Init
 .text.usbd_cdc_DataOut
                0x0000000008005af8       0x34 libraries/libSTM32F4xx_StdPeriph_Driver.a(usbd_cdc_core.o)
                0x0000000008005af8                usbd_cdc_DataOut
 .text.usbd_cdc_DeInit
                0x0000000008005b2c       0x28 libraries/libSTM32F4xx_StdPeriph_Driver.a(usbd_cdc_core.o)
                0x0000000008005b2c                usbd_cdc_DeInit
 .text.usbd_cdc_Setup
                0x0000000008005b54       0xa8 libraries/libSTM32F4xx_StdPeriph_Driver.a(usbd_cdc_core.o)
                0x0000000008005b54                usbd_cdc_Setup
 .text.usbd_cdc_SOF
                0x0000000008005bfc       0xcc libraries/libSTM32F4xx_StdPeriph_Driver.a(usbd_cdc_core.o)
                0x0000000008005bfc                usbd_cdc_SOF
 .text.usbd_cdc_DataIn
                0x0000000008005cc8       0xa4 libraries/libSTM32F4xx_StdPeriph_Driver.a(usbd_cdc_core.o)
                0x0000000008005cc8                usbd_cdc_DataIn
 .text.DCD_Init
                0x0000000008005d6c      0x474 libraries/libSTM32F4xx_StdPeriph_Driver.a(usb_dcd.o)
                0x0000000008005d6c                DCD_Init
 .text.DCD_EP_Open
                0x00000000080061e0       0x68 libraries/libSTM32F4xx_StdPeriph_Driver.a(usb_dcd.o)
                0x00000000080061e0                DCD_EP_Open
 .text.DCD_EP_Close
                0x0000000008006248       0x34 libraries/libSTM32F4xx_StdPeriph_Driver.a(usb_dcd.o)
                0x0000000008006248                DCD_EP_Close
 .text.DCD_EP_PrepareRx
                0x000000000800627c       0x50 libraries/libSTM32F4xx_StdPeriph_Driver.a(usb_dcd.o)
                0x000000000800627c                DCD_EP_PrepareRx
 .text.DCD_EP_Tx
                0x00000000080062cc       0x48 libraries/libSTM32F4xx_StdPeriph_Driver.a(usb_dcd.o)
                0x00000000080062cc                DCD_EP_Tx
 .text.DCD_EP_Stall
                0x0000000008006314       0x38 libraries/libSTM32F4xx_StdPeriph_Driver.a(usb_dcd.o)
                0x0000000008006314                DCD_EP_Stall
 .text.DCD_EP_ClrStall
                0x000000000800634c       0x38 libraries/libSTM32F4xx_StdPeriph_Driver.a(usb_dcd.o)
                0x000000000800634c                DCD_EP_ClrStall
 .text.DCD_EP_SetAddress
                0x0000000008006384       0x10 libraries/libSTM32F4xx_StdPeriph_Driver.a(usb_dcd.o)
                0x0000000008006384                DCD_EP_SetAddress
 .text.cosf     0x0000000008006394       0x90 /usr/local/gcc-arm-none-eabi-6_2-2016q4/bin/../lib/gcc/arm-none-eabi/6.2.1/../../../../arm-none-eabi/lib/thumb/v7e-m/fpv5-sp/hard/libm.a(lib_a-sf_cos.o)
                0x0000000008006394                cosf
 .text.fabsf    0x0000000008006424       0x10 /usr/local/gcc-arm-none-eabi-6_2-2016q4/bin/../lib/gcc/arm-none-eabi/6.2.1/../../../../arm-none-eabi/lib/thumb/v7e-m/fpv5-sp/hard/libm.a(lib_a-sf_fabs.o)
                0x0000000008006424                fabsf
 .text.sinf     0x0000000008006434       0x94 /usr/local/gcc-arm-none-eabi-6_2-2016q4/bin/../lib/gcc/arm-none-eabi/6.2.1/../../../../arm-none-eabi/lib/thumb/v7e-m/fpv5-sp/hard/libm.a(lib_a-sf_sin.o)
                0x0000000008006434                sinf
 .text.acosf    0x00000000080064c8       0xb8 /usr/local/gcc-arm-none-eabi-6_2-2016q4/bin/../lib/gcc/arm-none-eabi/6.2.1/../../../../arm-none-eabi/lib/thumb/v7e-m/fpv5-sp/hard/libm.a(lib_a-wf_acos.o)
                0x00000000080064c8                acosf
 .text.asinf    0x0000000008006580       0xb8 /usr/local/gcc-arm-none-eabi-6_2-2016q4/bin/../lib/gcc/arm-none-eabi/6.2.1/../../../../arm-none-eabi/lib/thumb/v7e-m/fpv5-sp/hard/libm.a(lib_a-wf_asin.o)
                0x0000000008006580                asinf
 .text.atan2f   0x0000000008006638        0x4 /usr/local/gcc-arm-none-eabi-6_2-2016q4/bin/../lib/gcc/arm-none-eabi/6.2.1/../../../../arm-none-eabi/lib/thumb/v7e-m/fpv5-sp/hard/libm.a(lib_a-wf_atan2.o)
                0x0000000008006638                atan2f
 .text.sqrtf    0x000000000800663c       0xac /usr/local/gcc-arm-none-eabi-6_2-2016q4/bin/../lib/gcc/arm-none-eabi/6.2.1/../../../../arm-none-eabi/lib/thumb/v7e-m/fpv5-sp/hard/libm.a(lib_a-wf_sqrt.o)
                0x000000000800663c                sqrtf
 .text.__ieee754_acosf
                0x00000000080066e8      0x244 /usr/local/gcc-arm-none-eabi-6_2-2016q4/bin/../lib/gcc/arm-none-eabi/6.2.1/../../../../arm-none-eabi/lib/thumb/v7e-m/fpv5-sp/hard/libm.a(lib_a-ef_acos.o)
                0x00000000080066e8                __ieee754_acosf
 .text.__ieee754_asinf
                0x000000000800692c      0x1f8 /usr/local/gcc-arm-none-eabi-6_2-2016q4/bin/../lib/gcc/arm-none-eabi/6.2.1/../../../../arm-none-eabi/lib/thumb/v7e-m/fpv5-sp/hard/libm.a(lib_a-ef_asin.o)
                0x000000000800692c                __ieee754_asinf
 .text.__ieee754_atan2f
                0x0000000008006b24      0x180 /usr/local/gcc-arm-none-eabi-6_2-2016q4/bin/../lib/gcc/arm-none-eabi/6.2.1/../../../../arm-none-eabi/lib/thumb/v7e-m/fpv5-sp/hard/libm.a(lib_a-ef_atan2.o)
                0x0000000008006b24                __ieee754_atan2f
 .text.__ieee754_rem_pio2f
                0x0000000008006ca4      0x290 /usr/local/gcc-arm-none-eabi-6_2-2016q4/bin/../lib/gcc/arm-none-eabi/6.2.1/../../../../arm-none-eabi/lib/thumb/v7e-m/fpv5-sp/hard/libm.a(lib_a-ef_rem_pio2.o)
                0x0000000008006ca4                __ieee754_rem_pio2f
 .text.__ieee754_sqrtf
                0x0000000008006f34       0xa0 /usr/local/gcc-arm-none-eabi-6_2-2016q4/bin/../lib/gcc/arm-none-eabi/6.2.1/../../../../arm-none-eabi/lib/thumb/v7e-m/fpv5-sp/hard/libm.a(lib_a-ef_sqrt.o)
                0x0000000008006f34                __ieee754_sqrtf
 .text.__kernel_cosf
                0x0000000008006fd4      0x104 /usr/local/gcc-arm-none-eabi-6_2-2016q4/bin/../lib/gcc/arm-none-eabi/6.2.1/../../../../arm-none-eabi/lib/thumb/v7e-m/fpv5-sp/hard/libm.a(lib_a-kf_cos.o)
                0x0000000008006fd4                __kernel_cosf
 .text.__kernel_rem_pio2f
                0x00000000080070d8      0x690 /usr/local/gcc-arm-none-eabi-6_2-2016q4/bin/../lib/gcc/arm-none-eabi/6.2.1/../../../../arm-none-eabi/lib/thumb/v7e-m/fpv5-sp/hard/libm.a(lib_a-kf_rem_pio2.o)
                0x00000000080070d8                __kernel_rem_pio2f
 .text.__kernel_sinf
                0x0000000008007768       0x90 /usr/local/gcc-arm-none-eabi-6_2-2016q4/bin/../lib/gcc/arm-none-eabi/6.2.1/../../../../arm-none-eabi/lib/thumb/v7e-m/fpv5-sp/hard/libm.a(lib_a-kf_sin.o)
                0x0000000008007768                __kernel_sinf
 .text.matherr  0x00000000080077f8        0x4 /usr/local/gcc-arm-none-eabi-6_2-2016q4/bin/../lib/gcc/arm-none-eabi/6.2.1/../../../../arm-none-eabi/lib/thumb/v7e-m/fpv5-sp/hard/libm.a(lib_a-s_matherr.o)
                0x00000000080077f8                matherr
 *fill*         0x00000000080077fc        0x4 
 .text.nan      0x0000000008007800       0x10 /usr/local/gcc-arm-none-eabi-6_2-2016q4/bin/../lib/gcc/arm-none-eabi/6.2.1/../../../../arm-none-eabi/lib/thumb/v7e-m/fpv5-sp/hard/libm.a(lib_a-s_nan.o)
                0x0000000008007800                nan
 .text.atanf    0x0000000008007810      0x1b0 /usr/local/gcc-arm-none-eabi-6_2-2016q4/bin/../lib/gcc/arm-none-eabi/6.2.1/../../../../arm-none-eabi/lib/thumb/v7e-m/fpv5-sp/hard/libm.a(lib_a-sf_atan.o)
                0x0000000008007810                atanf
 .text.floorf   0x00000000080079c0       0x90 /usr/local/gcc-arm-none-eabi-6_2-2016q4/bin/../lib/gcc/arm-none-eabi/6.2.1/../../../../arm-none-eabi/lib/thumb/v7e-m/fpv5-sp/hard/libm.a(lib_a-sf_floor.o)
                0x00000000080079c0                floorf
 .text.scalbnf  0x0000000008007a50       0xd0 /usr/local/gcc-arm-none-eabi-6_2-2016q4/bin/../lib/gcc/arm-none-eabi/6.2.1/../../../../arm-none-eabi/lib/thumb/v7e-m/fpv5-sp/hard/libm.a(lib_a-sf_scalbn.o)
                0x0000000008007a50                scalbnf
 .text.copysignf
                0x0000000008007b20       0x18 /usr/local/gcc-arm-none-eabi-6_2-2016q4/bin/../lib/gcc/arm-none-eabi/6.2.1/../../../../arm-none-eabi/lib/thumb/v7e-m/fpv5-sp/hard/libm.a(lib_a-sf_copysign.o)
                0x0000000008007b20                copysignf
 .text.__errno  0x0000000008007b38        0xc /usr/local/gcc-arm-none-eabi-6_2-2016q4/bin/../lib/gcc/arm-none-eabi/6.2.1/../../../../arm-none-eabi/lib/thumb/v7e-m/fpv5-sp/hard/libc.a(lib_a-errno.o)
                0x0000000008007b38                __errno
 .text.sprintf  0x0000000008007b44       0x4c /usr/local/gcc-arm-none-eabi-6_2-2016q4/bin/../lib/gcc/arm-none-eabi/6.2.1/../../../../arm-none-eabi/lib/thumb/v7e-m/fpv5-sp/hard/libc.a(lib_a-sprintf.o)
                0x0000000008007b44                sprintf
 .text._svfprintf_r
                0x0000000008007b90     0x1488 /usr/local/gcc-arm-none-eabi-6_2-2016q4/bin/../lib/gcc/arm-none-eabi/6.2.1/../../../../arm-none-eabi/lib/thumb/v7e-m/fpv5-sp/hard/libc.a(lib_a-svfprintf.o)
                0x0000000008007b90                _svfprintf_r
 .text.quorem   0x0000000008009018      0x128 /usr/local/gcc-arm-none-eabi-6_2-2016q4/bin/../lib/gcc/arm-none-eabi/6.2.1/../../../../arm-none-eabi/lib/thumb/v7e-m/fpv5-sp/hard/libc.a(lib_a-dtoa.o)
 .text._dtoa_r  0x0000000008009140      0xe4c /usr/local/gcc-arm-none-eabi-6_2-2016q4/bin/../lib/gcc/arm-none-eabi/6.2.1/../../../../arm-none-eabi/lib/thumb/v7e-m/fpv5-sp/hard/libc.a(lib_a-dtoa.o)
                0x0000000008009140                _dtoa_r
 .text._localeconv_r
                0x0000000008009f8c       0x1c /usr/local/gcc-arm-none-eabi-6_2-2016q4/bin/../lib/gcc/arm-none-eabi/6.2.1/../../../../arm-none-eabi/lib/thumb/v7e-m/fpv5-sp/hard/libc.a(lib_a-localeconv.o)
                0x0000000008009f8c                _localeconv_r
 .text._malloc_r
                0x0000000008009fa8      0x560 /usr/local/gcc-arm-none-eabi-6_2-2016q4/bin/../lib/gcc/arm-none-eabi/6.2.1/../../../../arm-none-eabi/lib/thumb/v7e-m/fpv5-sp/hard/libc.a(lib_a-mallocr.o)
                0x0000000008009fa8                _malloc_r
 .text.__malloc_lock
                0x000000000800a508        0x4 /usr/local/gcc-arm-none-eabi-6_2-2016q4/bin/../lib/gcc/arm-none-eabi/6.2.1/../../../../arm-none-eabi/lib/thumb/v7e-m/fpv5-sp/hard/libc.a(lib_a-mlock.o)
                0x000000000800a508                __malloc_lock
 .text.__malloc_unlock
                0x000000000800a50c        0x4 /usr/local/gcc-arm-none-eabi-6_2-2016q4/bin/../lib/gcc/arm-none-eabi/6.2.1/../../../../arm-none-eabi/lib/thumb/v7e-m/fpv5-sp/hard/libc.a(lib_a-mlock.o)
                0x000000000800a50c                __malloc_unlock
 .text._Balloc  0x000000000800a510       0x4c /usr/local/gcc-arm-none-eabi-6_2-2016q4/bin/../lib/gcc/arm-none-eabi/6.2.1/../../../../arm-none-eabi/lib/thumb/v7e-m/fpv5-sp/hard/libc.a(lib_a-mprec.o)
                0x000000000800a510                _Balloc
 .text._Bfree   0x000000000800a55c       0x14 /usr/local/gcc-arm-none-eabi-6_2-2016q4/bin/../lib/gcc/arm-none-eabi/6.2.1/../../../../arm-none-eabi/lib/thumb/v7e-m/fpv5-sp/hard/libc.a(lib_a-mprec.o)
                0x000000000800a55c                _Bfree
 .text.__multadd
                0x000000000800a570       0x80 /usr/local/gcc-arm-none-eabi-6_2-2016q4/bin/../lib/gcc/arm-none-eabi/6.2.1/../../../../arm-none-eabi/lib/thumb/v7e-m/fpv5-sp/hard/libc.a(lib_a-mprec.o)
                0x000000000800a570                __multadd
 .text.__hi0bits
                0x000000000800a5f0       0x40 /usr/local/gcc-arm-none-eabi-6_2-2016q4/bin/../lib/gcc/arm-none-eabi/6.2.1/../../../../arm-none-eabi/lib/thumb/v7e-m/fpv5-sp/hard/libc.a(lib_a-mprec.o)
                0x000000000800a5f0                __hi0bits
 .text.__lo0bits
                0x000000000800a630       0x60 /usr/local/gcc-arm-none-eabi-6_2-2016q4/bin/../lib/gcc/arm-none-eabi/6.2.1/../../../../arm-none-eabi/lib/thumb/v7e-m/fpv5-sp/hard/libc.a(lib_a-mprec.o)
                0x000000000800a630                __lo0bits
 .text.__i2b    0x000000000800a690       0x14 /usr/local/gcc-arm-none-eabi-6_2-2016q4/bin/../lib/gcc/arm-none-eabi/6.2.1/../../../../arm-none-eabi/lib/thumb/v7e-m/fpv5-sp/hard/libc.a(lib_a-mprec.o)
                0x000000000800a690                __i2b
 .text.__multiply
                0x000000000800a6a4      0x124 /usr/local/gcc-arm-none-eabi-6_2-2016q4/bin/../lib/gcc/arm-none-eabi/6.2.1/../../../../arm-none-eabi/lib/thumb/v7e-m/fpv5-sp/hard/libc.a(lib_a-mprec.o)
                0x000000000800a6a4                __multiply
 .text.__pow5mult
                0x000000000800a7c8       0xa0 /usr/local/gcc-arm-none-eabi-6_2-2016q4/bin/../lib/gcc/arm-none-eabi/6.2.1/../../../../arm-none-eabi/lib/thumb/v7e-m/fpv5-sp/hard/libc.a(lib_a-mprec.o)
                0x000000000800a7c8                __pow5mult
 .text.__lshift
                0x000000000800a868       0xa4 /usr/local/gcc-arm-none-eabi-6_2-2016q4/bin/../lib/gcc/arm-none-eabi/6.2.1/../../../../arm-none-eabi/lib/thumb/v7e-m/fpv5-sp/hard/libc.a(lib_a-mprec.o)
                0x000000000800a868                __lshift
 .text.__mcmp   0x000000000800a90c       0x38 /usr/local/gcc-arm-none-eabi-6_2-2016q4/bin/../lib/gcc/arm-none-eabi/6.2.1/../../../../arm-none-eabi/lib/thumb/v7e-m/fpv5-sp/hard/libc.a(lib_a-mprec.o)
                0x000000000800a90c                __mcmp
 .text.__mdiff  0x000000000800a944      0x108 /usr/local/gcc-arm-none-eabi-6_2-2016q4/bin/../lib/gcc/arm-none-eabi/6.2.1/../../../../arm-none-eabi/lib/thumb/v7e-m/fpv5-sp/hard/libc.a(lib_a-mprec.o)
                0x000000000800a944                __mdiff
 .text.__d2b    0x000000000800aa4c       0xbc /usr/local/gcc-arm-none-eabi-6_2-2016q4/bin/../lib/gcc/arm-none-eabi/6.2.1/../../../../arm-none-eabi/lib/thumb/v7e-m/fpv5-sp/hard/libc.a(lib_a-mprec.o)
                0x000000000800aa4c                __d2b
 .text._sbrk_r  0x000000000800ab08       0x24 /usr/local/gcc-arm-none-eabi-6_2-2016q4/bin/../lib/gcc/arm-none-eabi/6.2.1/../../../../arm-none-eabi/lib/thumb/v7e-m/fpv5-sp/hard/libc.a(lib_a-sbrkr.o)
                0x000000000800ab08                _sbrk_r
 .text.__ssprint_r
                0x000000000800ab2c       0xfc /usr/local/gcc-arm-none-eabi-6_2-2016q4/bin/../lib/gcc/arm-none-eabi/6.2.1/../../../../arm-none-eabi/lib/thumb/v7e-m/fpv5-sp/hard/libc.a(lib_a-svfiprintf.o)
                0x000000000800ab2c                __ssprint_r
 .text._calloc_r
                0x000000000800ac28       0x60 /usr/local/gcc-arm-none-eabi-6_2-2016q4/bin/../lib/gcc/arm-none-eabi/6.2.1/../../../../arm-none-eabi/lib/thumb/v7e-m/fpv5-sp/hard/libc.a(lib_a-callocr.o)
                0x000000000800ac28                _calloc_r
 .text._malloc_trim_r
                0x000000000800ac88       0xa0 /usr/local/gcc-arm-none-eabi-6_2-2016q4/bin/../lib/gcc/arm-none-eabi/6.2.1/../../../../arm-none-eabi/lib/thumb/v7e-m/fpv5-sp/hard/libc.a(lib_a-freer.o)
                0x000000000800ac88                _malloc_trim_r
 .text._free_r  0x000000000800ad28      0x1cc /usr/local/gcc-arm-none-eabi-6_2-2016q4/bin/../lib/gcc/arm-none-eabi/6.2.1/../../../../arm-none-eabi/lib/thumb/v7e-m/fpv5-sp/hard/libc.a(lib_a-freer.o)
                0x000000000800ad28                _free_r
 .text.__ascii_mbtowc
                0x000000000800aef4       0x2c /usr/local/gcc-arm-none-eabi-6_2-2016q4/bin/../lib/gcc/arm-none-eabi/6.2.1/../../../../arm-none-eabi/lib/thumb/v7e-m/fpv5-sp/hard/libc.a(lib_a-mbtowc_r.o)
                0x000000000800aef4                __ascii_mbtowc
 .text.memmove  0x000000000800af20       0xc8 /usr/local/gcc-arm-none-eabi-6_2-2016q4/bin/../lib/gcc/arm-none-eabi/6.2.1/../../../../arm-none-eabi/lib/thumb/v7e-m/fpv5-sp/hard/libc.a(lib_a-memmove.o)
                0x000000000800af20                memmove
 .text._realloc_r
                0x000000000800afe8      0x34c /usr/local/gcc-arm-none-eabi-6_2-2016q4/bin/../lib/gcc/arm-none-eabi/6.2.1/../../../../arm-none-eabi/lib/thumb/v7e-m/fpv5-sp/hard/libc.a(lib_a-reallocr.o)
                0x000000000800afe8                _realloc_r
 .text.__ascii_wctomb
                0x000000000800b334       0x1c /usr/local/gcc-arm-none-eabi-6_2-2016q4/bin/../lib/gcc/arm-none-eabi/6.2.1/../../../../arm-none-eabi/lib/thumb/v7e-m/fpv5-sp/hard/libc.a(lib_a-wctomb_r.o)
                0x000000000800b334                __ascii_wctomb
 .text._sbrk    0x000000000800b350       0x1c /usr/local/gcc-arm-none-eabi-6_2-2016q4/bin/../lib/gcc/arm-none-eabi/6.2.1/../../../../arm-none-eabi/lib/thumb/v7e-m/fpv5-sp/hard/libnosys.a(sbrk.o)
                0x000000000800b350                _sbrk
 *(.glue_7)
 .glue_7        0x000000000800b36c        0x0 linker stubs
 *(.glue_7t)
 .glue_7t       0x000000000800b36c        0x0 linker stubs
 *(.eh_frame)
 .eh_frame      0x000000000800b36c        0x0 /usr/local/gcc-arm-none-eabi-6_2-2016q4/bin/../lib/gcc/arm-none-eabi/6.2.1/thumb/v7e-m/fpv5-sp/hard/crtbegin.o
 *(.init)
 .init          0x000000000800b36c        0x4 /usr/local/gcc-arm-none-eabi-6_2-2016q4/bin/../lib/gcc/arm-none-eabi/6.2.1/thumb/v7e-m/fpv5-sp/hard/crti.o
                0x000000000800b36c                _init
 .init          0x000000000800b370        0x8 /usr/local/gcc-arm-none-eabi-6_2-2016q4/bin/../lib/gcc/arm-none-eabi/6.2.1/thumb/v7e-m/fpv5-sp/hard/crtn.o
 *(.fini)
 .fini          0x000000000800b378        0x4 /usr/local/gcc-arm-none-eabi-6_2-2016q4/bin/../lib/gcc/arm-none-eabi/6.2.1/thumb/v7e-m/fpv5-sp/hard/crti.o
                0x000000000800b378                _fini
 .fini          0x000000000800b37c        0x8 /usr/local/gcc-arm-none-eabi-6_2-2016q4/bin/../lib/gcc/arm-none-eabi/6.2.1/thumb/v7e-m/fpv5-sp/hard/crtn.o
                0x000000000800b384                . = ALIGN (0x4)
                0x000000000800b384                _etext = .

.vfp11_veneer   0x000000000800b384        0x0
 .vfp11_veneer  0x000000000800b384        0x0 linker stubs

.v4_bx          0x000000000800b384        0x0
 .v4_bx         0x000000000800b384        0x0 linker stubs

.iplt           0x000000000800b384        0x0
 .iplt          0x000000000800b384        0x0 /usr/local/gcc-arm-none-eabi-6_2-2016q4/bin/../lib/gcc/arm-none-eabi/6.2.1/thumb/v7e-m/fpv5-sp/hard/crtbegin.o

.rodata         0x000000000800b388      0x730
                0x000000000800b388                . = ALIGN (0x4)
 *(.rodata)
 *(.rodata*)
 .rodata._global_impure_ptr
                0x000000000800b388        0x4 /usr/local/gcc-arm-none-eabi-6_2-2016q4/bin/../lib/gcc/arm-none-eabi/6.2.1/../../../../arm-none-eabi/lib/thumb/v7e-m/fpv5-sp/hard/libc.a(lib_a-impure.o)
                0x000000000800b388                _global_impure_ptr
 .rodata.SysTick_Handler.str1.4
                0x000000000800b38c       0x1e obj/main.o
 *fill*         0x000000000800b3aa        0x2 
 .rodata.USBD_USR_ConfigStrDescriptor.str1.4
                0x000000000800b3ac        0xb obj/usbd_desc.o
 *fill*         0x000000000800b3b7        0x1 
 .rodata.USBD_USR_InterfaceStrDescriptor.str1.4
                0x000000000800b3b8        0xe obj/usbd_desc.o
 *fill*         0x000000000800b3c6        0x2 
 .rodata.USBD_USR_ManufacturerStrDescriptor.str1.4
                0x000000000800b3c8       0x13 obj/usbd_desc.o
 *fill*         0x000000000800b3db        0x1 
 .rodata.USBD_USR_ProductStrDescriptor.str1.4
                0x000000000800b3dc       0x45 obj/usbd_desc.o
 *fill*         0x000000000800b421        0x3 
 .rodata.CSWTCH.23
                0x000000000800b424        0x4 libraries/libSTM32F4xx_StdPeriph_Driver.a(usb_core.o)
 .rodata.acosf.str1.4
                0x000000000800b428        0x6 /usr/local/gcc-arm-none-eabi-6_2-2016q4/bin/../lib/gcc/arm-none-eabi/6.2.1/../../../../arm-none-eabi/lib/thumb/v7e-m/fpv5-sp/hard/libm.a(lib_a-wf_acos.o)
                                          0x9 (size before relaxing)
 *fill*         0x000000000800b42e        0x2 
 .rodata.asinf.str1.4
                0x000000000800b430        0x6 /usr/local/gcc-arm-none-eabi-6_2-2016q4/bin/../lib/gcc/arm-none-eabi/6.2.1/../../../../arm-none-eabi/lib/thumb/v7e-m/fpv5-sp/hard/libm.a(lib_a-wf_asin.o)
                                          0x9 (size before relaxing)
 *fill*         0x000000000800b436        0x2 
 .rodata.sqrtf.str1.4
                0x000000000800b438        0x6 /usr/local/gcc-arm-none-eabi-6_2-2016q4/bin/../lib/gcc/arm-none-eabi/6.2.1/../../../../arm-none-eabi/lib/thumb/v7e-m/fpv5-sp/hard/libm.a(lib_a-wf_sqrt.o)
 *fill*         0x000000000800b43e        0x2 
 .rodata.npio2_hw
                0x000000000800b440       0x80 /usr/local/gcc-arm-none-eabi-6_2-2016q4/bin/../lib/gcc/arm-none-eabi/6.2.1/../../../../arm-none-eabi/lib/thumb/v7e-m/fpv5-sp/hard/libm.a(lib_a-ef_rem_pio2.o)
 .rodata.two_over_pi
                0x000000000800b4c0      0x318 /usr/local/gcc-arm-none-eabi-6_2-2016q4/bin/../lib/gcc/arm-none-eabi/6.2.1/../../../../arm-none-eabi/lib/thumb/v7e-m/fpv5-sp/hard/libm.a(lib_a-ef_rem_pio2.o)
 .rodata.PIo2   0x000000000800b7d8       0x2c /usr/local/gcc-arm-none-eabi-6_2-2016q4/bin/../lib/gcc/arm-none-eabi/6.2.1/../../../../arm-none-eabi/lib/thumb/v7e-m/fpv5-sp/hard/libm.a(lib_a-kf_rem_pio2.o)
 .rodata.init_jk
                0x000000000800b804        0xc /usr/local/gcc-arm-none-eabi-6_2-2016q4/bin/../lib/gcc/arm-none-eabi/6.2.1/../../../../arm-none-eabi/lib/thumb/v7e-m/fpv5-sp/hard/libm.a(lib_a-kf_rem_pio2.o)
 .rodata.atanhi
                0x000000000800b810       0x10 /usr/local/gcc-arm-none-eabi-6_2-2016q4/bin/../lib/gcc/arm-none-eabi/6.2.1/../../../../arm-none-eabi/lib/thumb/v7e-m/fpv5-sp/hard/libm.a(lib_a-sf_atan.o)
 .rodata.atanlo
                0x000000000800b820       0x10 /usr/local/gcc-arm-none-eabi-6_2-2016q4/bin/../lib/gcc/arm-none-eabi/6.2.1/../../../../arm-none-eabi/lib/thumb/v7e-m/fpv5-sp/hard/libm.a(lib_a-sf_atan.o)
 .rodata._svfprintf_r.str1.4
                0x000000000800b830       0x42 /usr/local/gcc-arm-none-eabi-6_2-2016q4/bin/../lib/gcc/arm-none-eabi/6.2.1/../../../../arm-none-eabi/lib/thumb/v7e-m/fpv5-sp/hard/libc.a(lib_a-svfprintf.o)
 *fill*         0x000000000800b872        0x2 
 .rodata.blanks.8331
                0x000000000800b874       0x10 /usr/local/gcc-arm-none-eabi-6_2-2016q4/bin/../lib/gcc/arm-none-eabi/6.2.1/../../../../arm-none-eabi/lib/thumb/v7e-m/fpv5-sp/hard/libc.a(lib_a-svfprintf.o)
 .rodata.zeroes.8332
                0x000000000800b884       0x10 /usr/local/gcc-arm-none-eabi-6_2-2016q4/bin/../lib/gcc/arm-none-eabi/6.2.1/../../../../arm-none-eabi/lib/thumb/v7e-m/fpv5-sp/hard/libc.a(lib_a-svfprintf.o)
 .rodata._dtoa_r.str1.4
                0x000000000800b894       0x10 /usr/local/gcc-arm-none-eabi-6_2-2016q4/bin/../lib/gcc/arm-none-eabi/6.2.1/../../../../arm-none-eabi/lib/thumb/v7e-m/fpv5-sp/hard/libc.a(lib_a-dtoa.o)
                                         0x12 (size before relaxing)
 *fill*         0x000000000800b8a4        0x4 
 .rodata.__mprec_bigtens
                0x000000000800b8a8       0x28 /usr/local/gcc-arm-none-eabi-6_2-2016q4/bin/../lib/gcc/arm-none-eabi/6.2.1/../../../../arm-none-eabi/lib/thumb/v7e-m/fpv5-sp/hard/libc.a(lib_a-mprec.o)
                0x000000000800b8a8                __mprec_bigtens
 .rodata.__mprec_tens
                0x000000000800b8d0       0xc8 /usr/local/gcc-arm-none-eabi-6_2-2016q4/bin/../lib/gcc/arm-none-eabi/6.2.1/../../../../arm-none-eabi/lib/thumb/v7e-m/fpv5-sp/hard/libc.a(lib_a-mprec.o)
                0x000000000800b8d0                __mprec_tens
 .rodata.p05.7163
                0x000000000800b998        0xc /usr/local/gcc-arm-none-eabi-6_2-2016q4/bin/../lib/gcc/arm-none-eabi/6.2.1/../../../../arm-none-eabi/lib/thumb/v7e-m/fpv5-sp/hard/libc.a(lib_a-mprec.o)
 .rodata._setlocale_r.str1.4
                0x000000000800b9a4        0xa /usr/local/gcc-arm-none-eabi-6_2-2016q4/bin/../lib/gcc/arm-none-eabi/6.2.1/../../../../arm-none-eabi/lib/thumb/v7e-m/fpv5-sp/hard/libc.a(lib_a-locale.o)
                                          0xd (size before relaxing)
 *fill*         0x000000000800b9ae        0x2 
 .rodata.str1.4
                0x000000000800b9b0        0x4 /usr/local/gcc-arm-none-eabi-6_2-2016q4/bin/../lib/gcc/arm-none-eabi/6.2.1/../../../../arm-none-eabi/lib/thumb/v7e-m/fpv5-sp/hard/libc.a(lib_a-locale.o)
                                          0x2 (size before relaxing)
 .rodata._ctype_
                0x000000000800b9b4      0x101 /usr/local/gcc-arm-none-eabi-6_2-2016q4/bin/../lib/gcc/arm-none-eabi/6.2.1/../../../../arm-none-eabi/lib/thumb/v7e-m/fpv5-sp/hard/libc.a(lib_a-ctype_.o)
                0x000000000800b9b4                _ctype_
                0x000000000800bab8                . = ALIGN (0x4)
 *fill*         0x000000000800bab5        0x3 

.ARM.extab
 *(.ARM.extab* .gnu.linkonce.armextab.*)

.ARM            0x000000000800bab8        0x8
                0x000000000800bab8                __exidx_start = .
 *(.ARM.exidx*)
 .ARM.exidx     0x000000000800bab8        0x8 /usr/local/gcc-arm-none-eabi-6_2-2016q4/bin/../lib/gcc/arm-none-eabi/6.2.1/thumb/v7e-m/fpv5-sp/hard/libgcc.a(_udivmoddi4.o)
                0x000000000800bac0                __exidx_end = .

.rel.dyn        0x000000000800bac0        0x0
 .rel.iplt      0x000000000800bac0        0x0 /usr/local/gcc-arm-none-eabi-6_2-2016q4/bin/../lib/gcc/arm-none-eabi/6.2.1/thumb/v7e-m/fpv5-sp/hard/crtbegin.o

.preinit_array  0x000000000800bac0        0x0
                0x000000000800bac0                PROVIDE (__preinit_array_start, .)
 *(.preinit_array*)
                0x000000000800bac0                PROVIDE (__preinit_array_end, .)

.init_array     0x000000000800bac0        0x8
                0x000000000800bac0                PROVIDE (__init_array_start, .)
 *(SORT(.init_array.*))
 .init_array.00000
                0x000000000800bac0        0x4 /usr/local/gcc-arm-none-eabi-6_2-2016q4/bin/../lib/gcc/arm-none-eabi/6.2.1/../../../../arm-none-eabi/lib/thumb/v7e-m/fpv5-sp/hard/libc.a(lib_a-__call_atexit.o)
 *(.init_array*)
 .init_array    0x000000000800bac4        0x4 /usr/local/gcc-arm-none-eabi-6_2-2016q4/bin/../lib/gcc/arm-none-eabi/6.2.1/thumb/v7e-m/fpv5-sp/hard/crtbegin.o
                0x000000000800bac8                PROVIDE (__init_array_end, .)

.fini_array     0x000000000800bac8        0x4
                0x000000000800bac8                PROVIDE (__fini_array_start, .)
 *(SORT(.fini_array.*))
 *(.fini_array*)
 .fini_array    0x000000000800bac8        0x4 /usr/local/gcc-arm-none-eabi-6_2-2016q4/bin/../lib/gcc/arm-none-eabi/6.2.1/thumb/v7e-m/fpv5-sp/hard/crtbegin.o
                0x000000000800bacc                PROVIDE (__fini_array_end, .)
                0x000000000800bacc                _sidata = LOADADDR (.data)

.data           0x0000000020000000      0xaec load address 0x000000000800bacc
                0x0000000020000000                . = ALIGN (0x4)
                0x0000000020000000                _sdata = .
 *(.data)
 *(.data*)
 .data._impure_ptr
                0x0000000020000000        0x4 /usr/local/gcc-arm-none-eabi-6_2-2016q4/bin/../lib/gcc/arm-none-eabi/6.2.1/../../../../arm-none-eabi/lib/thumb/v7e-m/fpv5-sp/hard/libc.a(lib_a-impure.o)
                0x0000000020000000                _impure_ptr
 *fill*         0x0000000020000004        0x4 
 .data.impure_data
                0x0000000020000008      0x428 /usr/local/gcc-arm-none-eabi-6_2-2016q4/bin/../lib/gcc/arm-none-eabi/6.2.1/../../../../arm-none-eabi/lib/thumb/v7e-m/fpv5-sp/hard/libc.a(lib_a-impure.o)
 .data.USR_cb   0x0000000020000430       0x1c obj/usbd_usr.o
                0x0000000020000430                USR_cb
 .data.dt       0x000000002000044c        0x4 obj/main.o
                0x000000002000044c                dt
 .data.USBD_DeviceDesc
                0x0000000020000450       0x12 obj/usbd_desc.o
                0x0000000020000450                USBD_DeviceDesc
 *fill*         0x0000000020000462        0x2 
 .data.USBD_LangIDDesc
                0x0000000020000464        0x4 obj/usbd_desc.o
                0x0000000020000464                USBD_LangIDDesc
 .data.USBD_StringSerial
                0x0000000020000468       0x1a obj/usbd_desc.o
                0x0000000020000468                USBD_StringSerial
 *fill*         0x0000000020000482        0x2 
 .data.USR_desc
                0x0000000020000484       0x1c obj/usbd_desc.o
                0x0000000020000484                USR_desc
 .data.SystemCoreClock
                0x00000000200004a0        0x4 obj/system_stm32f4xx.o
                0x00000000200004a0                SystemCoreClock
 .data.VCP_fops
                0x00000000200004a4       0x14 obj/usbd_cdc_vcp.o
                0x00000000200004a4                VCP_fops
 .data.APBAHBPrescTable
                0x00000000200004b8       0x10 libraries/libSTM32F4xx_StdPeriph_Driver.a(stm32f4xx_rcc.o)
 .data.USBD_DCD_INT_cb
                0x00000000200004c8       0x2c libraries/libSTM32F4xx_StdPeriph_Driver.a(usbd_core.o)
                0x00000000200004c8                USBD_DCD_INT_cb
 .data.USBD_DCD_INT_fops
                0x00000000200004f4        0x4 libraries/libSTM32F4xx_StdPeriph_Driver.a(usbd_core.o)
                0x00000000200004f4                USBD_DCD_INT_fops
 .data.APP_free_buff_len
                0x00000000200004f8        0x4 libraries/libSTM32F4xx_StdPeriph_Driver.a(usbd_cdc_core.o)
                0x00000000200004f8                APP_free_buff_len
 .data.USBD_CDC_cb
                0x00000000200004fc       0x2c libraries/libSTM32F4xx_StdPeriph_Driver.a(usbd_cdc_core.o)
                0x00000000200004fc                USBD_CDC_cb
 .data.cdcCmd   0x0000000020000528        0x4 libraries/libSTM32F4xx_StdPeriph_Driver.a(usbd_cdc_core.o)
 .data.usbd_cdc_CfgDesc
                0x000000002000052c       0x43 libraries/libSTM32F4xx_StdPeriph_Driver.a(usbd_cdc_core.o)
                0x000000002000052c                usbd_cdc_CfgDesc
 .data.__fdlib_version
                0x000000002000056f        0x1 /usr/local/gcc-arm-none-eabi-6_2-2016q4/bin/../lib/gcc/arm-none-eabi/6.2.1/../../../../arm-none-eabi/lib/thumb/v7e-m/fpv5-sp/hard/libm.a(lib_a-s_lib_ver.o)
                0x000000002000056f                __fdlib_version
 .data.__malloc_av_
                0x0000000020000570      0x408 /usr/local/gcc-arm-none-eabi-6_2-2016q4/bin/../lib/gcc/arm-none-eabi/6.2.1/../../../../arm-none-eabi/lib/thumb/v7e-m/fpv5-sp/hard/libc.a(lib_a-mallocr.o)
                0x0000000020000570                __malloc_av_
 .data.__malloc_sbrk_base
                0x0000000020000978        0x4 /usr/local/gcc-arm-none-eabi-6_2-2016q4/bin/../lib/gcc/arm-none-eabi/6.2.1/../../../../arm-none-eabi/lib/thumb/v7e-m/fpv5-sp/hard/libc.a(lib_a-mallocr.o)
                0x0000000020000978                __malloc_sbrk_base
 .data.__malloc_trim_threshold
                0x000000002000097c        0x4 /usr/local/gcc-arm-none-eabi-6_2-2016q4/bin/../lib/gcc/arm-none-eabi/6.2.1/../../../../arm-none-eabi/lib/thumb/v7e-m/fpv5-sp/hard/libc.a(lib_a-mallocr.o)
                0x000000002000097c                __malloc_trim_threshold
 .data.__global_locale
                0x0000000020000980      0x16c /usr/local/gcc-arm-none-eabi-6_2-2016q4/bin/../lib/gcc/arm-none-eabi/6.2.1/../../../../arm-none-eabi/lib/thumb/v7e-m/fpv5-sp/hard/libc.a(lib_a-locale.o)
                0x0000000020000980                __global_locale
                0x0000000020000aec                . = ALIGN (0x4)
                0x0000000020000aec                _edata = .
                0x000000000800c5b8                _siccmram = LOADADDR (.ccmram)

.jcr            0x0000000020000aec        0x0 load address 0x000000000800c5b8
 .jcr           0x0000000020000aec        0x0 /usr/local/gcc-arm-none-eabi-6_2-2016q4/bin/../lib/gcc/arm-none-eabi/6.2.1/thumb/v7e-m/fpv5-sp/hard/crtbegin.o

.igot.plt       0x0000000020000aec        0x0 load address 0x000000000800c5b8
 .igot.plt      0x0000000020000aec        0x0 /usr/local/gcc-arm-none-eabi-6_2-2016q4/bin/../lib/gcc/arm-none-eabi/6.2.1/thumb/v7e-m/fpv5-sp/hard/crtbegin.o

.ccmram         0x0000000010000000        0x0 load address 0x000000000800c5b8
                0x0000000010000000                . = ALIGN (0x4)
                0x0000000010000000                _sccmram = .
 *(.ccmram)
 *(.ccmram*)
                0x0000000010000000                . = ALIGN (0x4)
                0x0000000010000000                _eccmram = .
                0x0000000010000000                . = ALIGN (0x4)

.bss            0x0000000020000aec     0x19cc
                0x0000000020000aec                _sbss = .
                0x0000000020000aec                __bss_start__ = _sbss
 *(.bss)
 .bss           0x0000000020000aec       0x1c /usr/local/gcc-arm-none-eabi-6_2-2016q4/bin/../lib/gcc/arm-none-eabi/6.2.1/thumb/v7e-m/fpv5-sp/hard/crtbegin.o
 *(.bss*)
 .bss.acc_sc    0x0000000020000b08        0x4 obj/lsm9ds0.o
 .bss.gyr_sc    0x0000000020000b0c        0x4 obj/lsm9ds0.o
 .bss.mag_sc    0x0000000020000b10        0x4 obj/lsm9ds0.o
 .bss.t.13643   0x0000000020000b14        0x4 obj/main.o
 .bss.A.13657   0x0000000020000b18       0x24 obj/wahba_rot.o
 .bss.An.13663  0x0000000020000b3c        0x4 obj/wahba_rot.o
 .bss.Mn.13664  0x0000000020000b40        0x4 obj/wahba_rot.o
 .bss.Rbe.13673
                0x0000000020000b44       0x24 obj/wahba_rot.o
 .bss.a_bn.13661
                0x0000000020000b68        0xc obj/wahba_rot.o
 .bss.a_r.13668
                0x0000000020000b74        0x4 obj/wahba_rot.o
 .bss.accok.13665
                0x0000000020000b78        0x4 obj/wahba_rot.o
 .bss.cnt.13660
                0x0000000020000b7c        0x4 obj/wahba_rot.o
 .bss.dt.13658  0x0000000020000b80        0x4 obj/wahba_rot.o
 .bss.g_va.13671
                0x0000000020000b84        0x4 obj/wahba_rot.o
 .bss.g_vm.13672
                0x0000000020000b88        0x4 obj/wahba_rot.o
 .bss.m_bn.13662
                0x0000000020000b8c        0xc obj/wahba_rot.o
 .bss.m_r.13670
                0x0000000020000b98        0x4 obj/wahba_rot.o
 .bss.magok.13666
                0x0000000020000b9c        0x4 obj/wahba_rot.o
 .bss.tmp.13683
                0x0000000020000ba0        0x4 obj/wahba_rot.o
 .bss.UsbRxLen  0x0000000020000ba4        0x1 obj/usbd_cdc_vcp.o
                0x0000000020000ba4                UsbRxLen
 *fill*         0x0000000020000ba5        0x3 
 .bss.USBD_cfg_status
                0x0000000020000ba8        0x4 libraries/libSTM32F4xx_StdPeriph_Driver.a(usbd_req.o)
                0x0000000020000ba8                USBD_cfg_status
 .bss.USBD_default_cfg
                0x0000000020000bac        0x4 libraries/libSTM32F4xx_StdPeriph_Driver.a(usbd_req.o)
                0x0000000020000bac                USBD_default_cfg
 .bss.USBD_ep_status
                0x0000000020000bb0        0x4 libraries/libSTM32F4xx_StdPeriph_Driver.a(usbd_req.o)
                0x0000000020000bb0                USBD_ep_status
 .bss.cfgidx.12717
                0x0000000020000bb4        0x1 libraries/libSTM32F4xx_StdPeriph_Driver.a(usbd_req.o)
 *fill*         0x0000000020000bb5        0x3 
 .bss.APP_Rx_length
                0x0000000020000bb8        0x4 libraries/libSTM32F4xx_StdPeriph_Driver.a(usbd_cdc_core.o)
                0x0000000020000bb8                APP_Rx_length
 .bss.APP_Rx_ptr_in
                0x0000000020000bbc        0x4 libraries/libSTM32F4xx_StdPeriph_Driver.a(usbd_cdc_core.o)
                0x0000000020000bbc                APP_Rx_ptr_in
 .bss.APP_Rx_ptr_out
                0x0000000020000bc0        0x4 libraries/libSTM32F4xx_StdPeriph_Driver.a(usbd_cdc_core.o)
                0x0000000020000bc0                APP_Rx_ptr_out
 .bss.APP_flag  0x0000000020000bc4        0x1 libraries/libSTM32F4xx_StdPeriph_Driver.a(usbd_cdc_core.o)
                0x0000000020000bc4                APP_flag
 *fill*         0x0000000020000bc5        0x3 
 .bss.FrameCount.12711
                0x0000000020000bc8        0x4 libraries/libSTM32F4xx_StdPeriph_Driver.a(usbd_cdc_core.o)
 .bss.USB_Tx_State
                0x0000000020000bcc        0x1 libraries/libSTM32F4xx_StdPeriph_Driver.a(usbd_cdc_core.o)
                0x0000000020000bcc                USB_Tx_State
 *fill*         0x0000000020000bcd        0x3 
 .bss.cdcLen    0x0000000020000bd0        0x4 libraries/libSTM32F4xx_StdPeriph_Driver.a(usbd_cdc_core.o)
 .bss.usbd_cdc_AltSet
                0x0000000020000bd4        0x4 libraries/libSTM32F4xx_StdPeriph_Driver.a(usbd_cdc_core.o)
 .bss.__malloc_current_mallinfo
                0x0000000020000bd8       0x28 /usr/local/gcc-arm-none-eabi-6_2-2016q4/bin/../lib/gcc/arm-none-eabi/6.2.1/../../../../arm-none-eabi/lib/thumb/v7e-m/fpv5-sp/hard/libc.a(lib_a-mallocr.o)
                0x0000000020000bd8                __malloc_current_mallinfo
 .bss.__malloc_max_sbrked_mem
                0x0000000020000c00        0x4 /usr/local/gcc-arm-none-eabi-6_2-2016q4/bin/../lib/gcc/arm-none-eabi/6.2.1/../../../../arm-none-eabi/lib/thumb/v7e-m/fpv5-sp/hard/libc.a(lib_a-mallocr.o)
                0x0000000020000c00                __malloc_max_sbrked_mem
 .bss.__malloc_max_total_mem
                0x0000000020000c04        0x4 /usr/local/gcc-arm-none-eabi-6_2-2016q4/bin/../lib/gcc/arm-none-eabi/6.2.1/../../../../arm-none-eabi/lib/thumb/v7e-m/fpv5-sp/hard/libc.a(lib_a-mallocr.o)
                0x0000000020000c04                __malloc_max_total_mem
 .bss.__malloc_top_pad
                0x0000000020000c08        0x4 /usr/local/gcc-arm-none-eabi-6_2-2016q4/bin/../lib/gcc/arm-none-eabi/6.2.1/../../../../arm-none-eabi/lib/thumb/v7e-m/fpv5-sp/hard/libc.a(lib_a-mallocr.o)
                0x0000000020000c08                __malloc_top_pad
 .bss.heap_end.5239
                0x0000000020000c0c        0x4 /usr/local/gcc-arm-none-eabi-6_2-2016q4/bin/../lib/gcc/arm-none-eabi/6.2.1/../../../../arm-none-eabi/lib/thumb/v7e-m/fpv5-sp/hard/libnosys.a(sbrk.o)
 *(COMMON)
 COMMON         0x0000000020000c10       0x48 obj/lsm9ds0.o
                0x0000000020000c10                lsm9ds0
 COMMON         0x0000000020000c58      0x6cc obj/main.o
                0x0000000020000c58                whb
                0x0000000020000d30                USB_OTG_dev
 COMMON         0x0000000020001324       0xff obj/usbd_desc.o
                0x0000000020001324                USBD_StrDesc
 *fill*         0x0000000020001423        0x1 
 COMMON         0x0000000020001424      0x800 obj/usbd_cdc_vcp.o
                0x0000000020001424                UsbRxBuf
 COMMON         0x0000000020001c24        0x4 libraries/libSTM32F4xx_StdPeriph_Driver.a(usbd_core.o)
                0x0000000020001c24                SET_TEST_MODE
 COMMON         0x0000000020001c28      0x88c libraries/libSTM32F4xx_StdPeriph_Driver.a(usbd_cdc_core.o)
                0x0000000020001c28                usbd_cdc_OtherCfgDesc
                0x0000000020001c6c                USB_Rx_Buffer
                0x0000000020001cac                CmdBuff
                0x0000000020001cb4                APP_Rx_Buffer
 COMMON         0x00000000200024b4        0x4 /usr/local/gcc-arm-none-eabi-6_2-2016q4/bin/../lib/gcc/arm-none-eabi/6.2.1/../../../../arm-none-eabi/lib/thumb/v7e-m/fpv5-sp/hard/libc.a(lib_a-reent.o)
                0x00000000200024b4                errno
                0x00000000200024b8                . = ALIGN (0x4)
                0x00000000200024b8                _ebss = .
                0x00000000200024b8                __bss_end__ = _ebss

._user_heap_stack
                0x00000000200024b8      0x600
                0x00000000200024b8                . = ALIGN (0x8)
                0x00000000200024b8                PROVIDE (end, .)
                [!provide]                        PROVIDE (_end, .)
                0x00000000200026b8                . = (. + _Min_Heap_Size)
 *fill*         0x00000000200024b8      0x200 
                0x0000000020002ab8                . = (. + _Min_Stack_Size)
 *fill*         0x00000000200026b8      0x400 
                0x0000000020002ab8                . = ALIGN (0x8)

/DISCARD/
 libc.a(*)
 libm.a(*)
 libgcc.a(*)

.ARM.attributes
                0x0000000000000000       0x30
 *(.ARM.attributes)
 .ARM.attributes
                0x0000000000000000       0x22 /usr/local/gcc-arm-none-eabi-6_2-2016q4/bin/../lib/gcc/arm-none-eabi/6.2.1/thumb/v7e-m/fpv5-sp/hard/crti.o
 .ARM.attributes
                0x0000000000000022       0x34 /usr/local/gcc-arm-none-eabi-6_2-2016q4/bin/../lib/gcc/arm-none-eabi/6.2.1/thumb/v7e-m/fpv5-sp/hard/crtbegin.o
 .ARM.attributes
                0x0000000000000056       0x34 obj/lsm9ds0.o
 .ARM.attributes
                0x000000000000008a       0x34 obj/hw_conf.o
 .ARM.attributes
                0x00000000000000be       0x34 obj/usb_bsp.o
 .ARM.attributes
                0x00000000000000f2       0x34 obj/usbd_usr.o
 .ARM.attributes
                0x0000000000000126       0x34 obj/main.o
 .ARM.attributes
                0x000000000000015a       0x34 obj/stm32f4xx_it.o
 .ARM.attributes
                0x000000000000018e       0x34 obj/jacobiTS.o
 .ARM.attributes
                0x00000000000001c2       0x34 obj/usbd_desc.o
 .ARM.attributes
                0x00000000000001f6       0x34 obj/wahba_rot.o
 .ARM.attributes
                0x000000000000022a       0x34 obj/system_stm32f4xx.o
 .ARM.attributes
                0x000000000000025e       0x34 obj/usbd_cdc_vcp.o
 .ARM.attributes
                0x0000000000000292       0x21 obj/startup_stm32f40xx.o
 .ARM.attributes
                0x00000000000002b3       0x34 libraries/libSTM32F4xx_StdPeriph_Driver.a(stm32f4xx_gpio.o)
 .ARM.attributes
                0x00000000000002e7       0x34 libraries/libSTM32F4xx_StdPeriph_Driver.a(stm32f4xx_tim.o)
 .ARM.attributes
                0x000000000000031b       0x34 libraries/libSTM32F4xx_StdPeriph_Driver.a(stm32f4xx_i2c.o)
 .ARM.attributes
                0x000000000000034f       0x34 libraries/libSTM32F4xx_StdPeriph_Driver.a(stm32f4xx_rcc.o)
 .ARM.attributes
                0x0000000000000383       0x34 libraries/libSTM32F4xx_StdPeriph_Driver.a(misc.o)
 .ARM.attributes
                0x00000000000003b7       0x34 libraries/libSTM32F4xx_StdPeriph_Driver.a(usb_dcd_int.o)
 .ARM.attributes
                0x00000000000003eb       0x34 libraries/libSTM32F4xx_StdPeriph_Driver.a(usb_core.o)
 .ARM.attributes
                0x000000000000041f       0x34 libraries/libSTM32F4xx_StdPeriph_Driver.a(usbd_req.o)
 .ARM.attributes
                0x0000000000000453       0x34 libraries/libSTM32F4xx_StdPeriph_Driver.a(usbd_core.o)
 .ARM.attributes
                0x0000000000000487       0x34 libraries/libSTM32F4xx_StdPeriph_Driver.a(usbd_ioreq.o)
 .ARM.attributes
                0x00000000000004bb       0x34 libraries/libSTM32F4xx_StdPeriph_Driver.a(usbd_cdc_core.o)
 .ARM.attributes
                0x00000000000004ef       0x34 libraries/libSTM32F4xx_StdPeriph_Driver.a(usb_dcd.o)
 .ARM.attributes
                0x0000000000000523       0x34 /usr/local/gcc-arm-none-eabi-6_2-2016q4/bin/../lib/gcc/arm-none-eabi/6.2.1/../../../../arm-none-eabi/lib/thumb/v7e-m/fpv5-sp/hard/libm.a(lib_a-sf_cos.o)
 .ARM.attributes
                0x0000000000000557       0x34 /usr/local/gcc-arm-none-eabi-6_2-2016q4/bin/../lib/gcc/arm-none-eabi/6.2.1/../../../../arm-none-eabi/lib/thumb/v7e-m/fpv5-sp/hard/libm.a(lib_a-sf_fabs.o)
 .ARM.attributes
                0x000000000000058b       0x34 /usr/local/gcc-arm-none-eabi-6_2-2016q4/bin/../lib/gcc/arm-none-eabi/6.2.1/../../../../arm-none-eabi/lib/thumb/v7e-m/fpv5-sp/hard/libm.a(lib_a-sf_sin.o)
 .ARM.attributes
                0x00000000000005bf       0x34 /usr/local/gcc-arm-none-eabi-6_2-2016q4/bin/../lib/gcc/arm-none-eabi/6.2.1/../../../../arm-none-eabi/lib/thumb/v7e-m/fpv5-sp/hard/libm.a(lib_a-wf_acos.o)
 .ARM.attributes
                0x00000000000005f3       0x34 /usr/local/gcc-arm-none-eabi-6_2-2016q4/bin/../lib/gcc/arm-none-eabi/6.2.1/../../../../arm-none-eabi/lib/thumb/v7e-m/fpv5-sp/hard/libm.a(lib_a-wf_asin.o)
 .ARM.attributes
                0x0000000000000627       0x34 /usr/local/gcc-arm-none-eabi-6_2-2016q4/bin/../lib/gcc/arm-none-eabi/6.2.1/../../../../arm-none-eabi/lib/thumb/v7e-m/fpv5-sp/hard/libm.a(lib_a-wf_atan2.o)
 .ARM.attributes
                0x000000000000065b       0x34 /usr/local/gcc-arm-none-eabi-6_2-2016q4/bin/../lib/gcc/arm-none-eabi/6.2.1/../../../../arm-none-eabi/lib/thumb/v7e-m/fpv5-sp/hard/libm.a(lib_a-wf_sqrt.o)
 .ARM.attributes
                0x000000000000068f       0x34 /usr/local/gcc-arm-none-eabi-6_2-2016q4/bin/../lib/gcc/arm-none-eabi/6.2.1/../../../../arm-none-eabi/lib/thumb/v7e-m/fpv5-sp/hard/libm.a(lib_a-ef_acos.o)
 .ARM.attributes
                0x00000000000006c3       0x34 /usr/local/gcc-arm-none-eabi-6_2-2016q4/bin/../lib/gcc/arm-none-eabi/6.2.1/../../../../arm-none-eabi/lib/thumb/v7e-m/fpv5-sp/hard/libm.a(lib_a-ef_asin.o)
 .ARM.attributes
                0x00000000000006f7       0x34 /usr/local/gcc-arm-none-eabi-6_2-2016q4/bin/../lib/gcc/arm-none-eabi/6.2.1/../../../../arm-none-eabi/lib/thumb/v7e-m/fpv5-sp/hard/libm.a(lib_a-ef_atan2.o)
 .ARM.attributes
                0x000000000000072b       0x34 /usr/local/gcc-arm-none-eabi-6_2-2016q4/bin/../lib/gcc/arm-none-eabi/6.2.1/../../../../arm-none-eabi/lib/thumb/v7e-m/fpv5-sp/hard/libm.a(lib_a-ef_rem_pio2.o)
 .ARM.attributes
                0x000000000000075f       0x34 /usr/local/gcc-arm-none-eabi-6_2-2016q4/bin/../lib/gcc/arm-none-eabi/6.2.1/../../../../arm-none-eabi/lib/thumb/v7e-m/fpv5-sp/hard/libm.a(lib_a-ef_sqrt.o)
 .ARM.attributes
                0x0000000000000793       0x34 /usr/local/gcc-arm-none-eabi-6_2-2016q4/bin/../lib/gcc/arm-none-eabi/6.2.1/../../../../arm-none-eabi/lib/thumb/v7e-m/fpv5-sp/hard/libm.a(lib_a-kf_cos.o)
 .ARM.attributes
                0x00000000000007c7       0x34 /usr/local/gcc-arm-none-eabi-6_2-2016q4/bin/../lib/gcc/arm-none-eabi/6.2.1/../../../../arm-none-eabi/lib/thumb/v7e-m/fpv5-sp/hard/libm.a(lib_a-kf_rem_pio2.o)
 .ARM.attributes
                0x00000000000007fb       0x34 /usr/local/gcc-arm-none-eabi-6_2-2016q4/bin/../lib/gcc/arm-none-eabi/6.2.1/../../../../arm-none-eabi/lib/thumb/v7e-m/fpv5-sp/hard/libm.a(lib_a-kf_sin.o)
 .ARM.attributes
                0x000000000000082f       0x34 /usr/local/gcc-arm-none-eabi-6_2-2016q4/bin/../lib/gcc/arm-none-eabi/6.2.1/../../../../arm-none-eabi/lib/thumb/v7e-m/fpv5-sp/hard/libm.a(lib_a-s_lib_ver.o)
 .ARM.attributes
                0x0000000000000863       0x34 /usr/local/gcc-arm-none-eabi-6_2-2016q4/bin/../lib/gcc/arm-none-eabi/6.2.1/../../../../arm-none-eabi/lib/thumb/v7e-m/fpv5-sp/hard/libm.a(lib_a-s_matherr.o)
 .ARM.attributes
                0x0000000000000897       0x34 /usr/local/gcc-arm-none-eabi-6_2-2016q4/bin/../lib/gcc/arm-none-eabi/6.2.1/../../../../arm-none-eabi/lib/thumb/v7e-m/fpv5-sp/hard/libm.a(lib_a-s_nan.o)
 .ARM.attributes
                0x00000000000008cb       0x34 /usr/local/gcc-arm-none-eabi-6_2-2016q4/bin/../lib/gcc/arm-none-eabi/6.2.1/../../../../arm-none-eabi/lib/thumb/v7e-m/fpv5-sp/hard/libm.a(lib_a-sf_atan.o)
 .ARM.attributes
                0x00000000000008ff       0x34 /usr/local/gcc-arm-none-eabi-6_2-2016q4/bin/../lib/gcc/arm-none-eabi/6.2.1/../../../../arm-none-eabi/lib/thumb/v7e-m/fpv5-sp/hard/libm.a(lib_a-sf_floor.o)
 .ARM.attributes
                0x0000000000000933       0x34 /usr/local/gcc-arm-none-eabi-6_2-2016q4/bin/../lib/gcc/arm-none-eabi/6.2.1/../../../../arm-none-eabi/lib/thumb/v7e-m/fpv5-sp/hard/libm.a(lib_a-sf_scalbn.o)
 .ARM.attributes
                0x0000000000000967       0x34 /usr/local/gcc-arm-none-eabi-6_2-2016q4/bin/../lib/gcc/arm-none-eabi/6.2.1/../../../../arm-none-eabi/lib/thumb/v7e-m/fpv5-sp/hard/libm.a(lib_a-sf_copysign.o)
 .ARM.attributes
                0x000000000000099b       0x34 /usr/local/gcc-arm-none-eabi-6_2-2016q4/bin/../lib/gcc/arm-none-eabi/6.2.1/../../../../arm-none-eabi/lib/thumb/v7e-m/fpv5-sp/hard/libc.a(lib_a-errno.o)
 .ARM.attributes
                0x00000000000009cf       0x34 /usr/local/gcc-arm-none-eabi-6_2-2016q4/bin/../lib/gcc/arm-none-eabi/6.2.1/../../../../arm-none-eabi/lib/thumb/v7e-m/fpv5-sp/hard/libc.a(lib_a-sprintf.o)
 .ARM.attributes
                0x0000000000000a03       0x34 /usr/local/gcc-arm-none-eabi-6_2-2016q4/bin/../lib/gcc/arm-none-eabi/6.2.1/../../../../arm-none-eabi/lib/thumb/v7e-m/fpv5-sp/hard/libc.a(lib_a-svfprintf.o)
 .ARM.attributes
                0x0000000000000a37       0x34 /usr/local/gcc-arm-none-eabi-6_2-2016q4/bin/../lib/gcc/arm-none-eabi/6.2.1/../../../../arm-none-eabi/lib/thumb/v7e-m/fpv5-sp/hard/libc.a(lib_a-dtoa.o)
 .ARM.attributes
                0x0000000000000a6b       0x34 /usr/local/gcc-arm-none-eabi-6_2-2016q4/bin/../lib/gcc/arm-none-eabi/6.2.1/../../../../arm-none-eabi/lib/thumb/v7e-m/fpv5-sp/hard/libc.a(lib_a-localeconv.o)
 .ARM.attributes
                0x0000000000000a9f       0x34 /usr/local/gcc-arm-none-eabi-6_2-2016q4/bin/../lib/gcc/arm-none-eabi/6.2.1/../../../../arm-none-eabi/lib/thumb/v7e-m/fpv5-sp/hard/libc.a(lib_a-mallocr.o)
 .ARM.attributes
                0x0000000000000ad3       0x20 /usr/local/gcc-arm-none-eabi-6_2-2016q4/bin/../lib/gcc/arm-none-eabi/6.2.1/../../../../arm-none-eabi/lib/thumb/v7e-m/fpv5-sp/hard/libc.a(lib_a-memchr.o)
 .ARM.attributes
                0x0000000000000af3       0x20 /usr/local/gcc-arm-none-eabi-6_2-2016q4/bin/../lib/gcc/arm-none-eabi/6.2.1/../../../../arm-none-eabi/lib/thumb/v7e-m/fpv5-sp/hard/libc.a(lib_a-memcpy.o)
 .ARM.attributes
                0x0000000000000b13       0x34 /usr/local/gcc-arm-none-eabi-6_2-2016q4/bin/../lib/gcc/arm-none-eabi/6.2.1/../../../../arm-none-eabi/lib/thumb/v7e-m/fpv5-sp/hard/libc.a(lib_a-mlock.o)
 .ARM.attributes
                0x0000000000000b47       0x34 /usr/local/gcc-arm-none-eabi-6_2-2016q4/bin/../lib/gcc/arm-none-eabi/6.2.1/../../../../arm-none-eabi/lib/thumb/v7e-m/fpv5-sp/hard/libc.a(lib_a-mprec.o)
 .ARM.attributes
                0x0000000000000b7b       0x34 /usr/local/gcc-arm-none-eabi-6_2-2016q4/bin/../lib/gcc/arm-none-eabi/6.2.1/../../../../arm-none-eabi/lib/thumb/v7e-m/fpv5-sp/hard/libc.a(lib_a-sbrkr.o)
 .ARM.attributes
                0x0000000000000baf       0x20 /usr/local/gcc-arm-none-eabi-6_2-2016q4/bin/../lib/gcc/arm-none-eabi/6.2.1/../../../../arm-none-eabi/lib/thumb/v7e-m/fpv5-sp/hard/libc.a(lib_a-strlen.o)
 .ARM.attributes
                0x0000000000000bcf       0x34 /usr/local/gcc-arm-none-eabi-6_2-2016q4/bin/../lib/gcc/arm-none-eabi/6.2.1/../../../../arm-none-eabi/lib/thumb/v7e-m/fpv5-sp/hard/libc.a(lib_a-svfiprintf.o)
 .ARM.attributes
                0x0000000000000c03       0x34 /usr/local/gcc-arm-none-eabi-6_2-2016q4/bin/../lib/gcc/arm-none-eabi/6.2.1/../../../../arm-none-eabi/lib/thumb/v7e-m/fpv5-sp/hard/libc.a(lib_a-callocr.o)
 .ARM.attributes
                0x0000000000000c37       0x34 /usr/local/gcc-arm-none-eabi-6_2-2016q4/bin/../lib/gcc/arm-none-eabi/6.2.1/../../../../arm-none-eabi/lib/thumb/v7e-m/fpv5-sp/hard/libc.a(lib_a-freer.o)
 .ARM.attributes
                0x0000000000000c6b       0x34 /usr/local/gcc-arm-none-eabi-6_2-2016q4/bin/../lib/gcc/arm-none-eabi/6.2.1/../../../../arm-none-eabi/lib/thumb/v7e-m/fpv5-sp/hard/libc.a(lib_a-locale.o)
 .ARM.attributes
                0x0000000000000c9f       0x34 /usr/local/gcc-arm-none-eabi-6_2-2016q4/bin/../lib/gcc/arm-none-eabi/6.2.1/../../../../arm-none-eabi/lib/thumb/v7e-m/fpv5-sp/hard/libc.a(lib_a-mbtowc_r.o)
 .ARM.attributes
                0x0000000000000cd3       0x34 /usr/local/gcc-arm-none-eabi-6_2-2016q4/bin/../lib/gcc/arm-none-eabi/6.2.1/../../../../arm-none-eabi/lib/thumb/v7e-m/fpv5-sp/hard/libc.a(lib_a-memmove.o)
 .ARM.attributes
                0x0000000000000d07       0x34 /usr/local/gcc-arm-none-eabi-6_2-2016q4/bin/../lib/gcc/arm-none-eabi/6.2.1/../../../../arm-none-eabi/lib/thumb/v7e-m/fpv5-sp/hard/libc.a(lib_a-reallocr.o)
 .ARM.attributes
                0x0000000000000d3b       0x34 /usr/local/gcc-arm-none-eabi-6_2-2016q4/bin/../lib/gcc/arm-none-eabi/6.2.1/../../../../arm-none-eabi/lib/thumb/v7e-m/fpv5-sp/hard/libc.a(lib_a-reent.o)
 .ARM.attributes
                0x0000000000000d6f       0x34 /usr/local/gcc-arm-none-eabi-6_2-2016q4/bin/../lib/gcc/arm-none-eabi/6.2.1/../../../../arm-none-eabi/lib/thumb/v7e-m/fpv5-sp/hard/libc.a(lib_a-wctomb_r.o)
 .ARM.attributes
                0x0000000000000da3       0x34 /usr/local/gcc-arm-none-eabi-6_2-2016q4/bin/../lib/gcc/arm-none-eabi/6.2.1/../../../../arm-none-eabi/lib/thumb/v7e-m/fpv5-sp/hard/libc.a(lib_a-ctype_.o)
 .ARM.attributes
                0x0000000000000dd7       0x22 /usr/local/gcc-arm-none-eabi-6_2-2016q4/bin/../lib/gcc/arm-none-eabi/6.2.1/thumb/v7e-m/fpv5-sp/hard/libgcc.a(_arm_addsubdf3.o)
 .ARM.attributes
                0x0000000000000df9       0x22 /usr/local/gcc-arm-none-eabi-6_2-2016q4/bin/../lib/gcc/arm-none-eabi/6.2.1/thumb/v7e-m/fpv5-sp/hard/libgcc.a(_arm_muldivdf3.o)
 .ARM.attributes
                0x0000000000000e1b       0x22 /usr/local/gcc-arm-none-eabi-6_2-2016q4/bin/../lib/gcc/arm-none-eabi/6.2.1/thumb/v7e-m/fpv5-sp/hard/libgcc.a(_arm_cmpdf2.o)
 .ARM.attributes
                0x0000000000000e3d       0x22 /usr/local/gcc-arm-none-eabi-6_2-2016q4/bin/../lib/gcc/arm-none-eabi/6.2.1/thumb/v7e-m/fpv5-sp/hard/libgcc.a(_arm_unorddf2.o)
 .ARM.attributes
                0x0000000000000e5f       0x22 /usr/local/gcc-arm-none-eabi-6_2-2016q4/bin/../lib/gcc/arm-none-eabi/6.2.1/thumb/v7e-m/fpv5-sp/hard/libgcc.a(_arm_fixdfsi.o)
 .ARM.attributes
                0x0000000000000e81       0x22 /usr/local/gcc-arm-none-eabi-6_2-2016q4/bin/../lib/gcc/arm-none-eabi/6.2.1/thumb/v7e-m/fpv5-sp/hard/libgcc.a(_arm_truncdfsf2.o)
 .ARM.attributes
                0x0000000000000ea3       0x22 /usr/local/gcc-arm-none-eabi-6_2-2016q4/bin/../lib/gcc/arm-none-eabi/6.2.1/thumb/v7e-m/fpv5-sp/hard/libgcc.a(_aeabi_uldivmod.o)
 .ARM.attributes
                0x0000000000000ec5       0x34 /usr/local/gcc-arm-none-eabi-6_2-2016q4/bin/../lib/gcc/arm-none-eabi/6.2.1/thumb/v7e-m/fpv5-sp/hard/libgcc.a(_udivmoddi4.o)
 .ARM.attributes
                0x0000000000000ef9       0x22 /usr/local/gcc-arm-none-eabi-6_2-2016q4/bin/../lib/gcc/arm-none-eabi/6.2.1/thumb/v7e-m/fpv5-sp/hard/libgcc.a(_dvmd_tls.o)
 .ARM.attributes
                0x0000000000000f1b       0x34 /usr/local/gcc-arm-none-eabi-6_2-2016q4/bin/../lib/gcc/arm-none-eabi/6.2.1/../../../../arm-none-eabi/lib/thumb/v7e-m/fpv5-sp/hard/libnosys.a(sbrk.o)
 .ARM.attributes
                0x0000000000000f4f       0x22 /usr/local/gcc-arm-none-eabi-6_2-2016q4/bin/../lib/gcc/arm-none-eabi/6.2.1/thumb/v7e-m/fpv5-sp/hard/crtn.o
LOAD obj/lsm9ds0.o
LOAD obj/hw_conf.o
LOAD obj/usb_bsp.o
LOAD obj/usbd_usr.o
LOAD obj/main.o
LOAD obj/stm32f4xx_it.o
LOAD obj/jacobiTS.o
LOAD obj/usbd_desc.o
LOAD obj/wahba_rot.o
LOAD obj/system_stm32f4xx.o
LOAD obj/usbd_cdc_vcp.o
LOAD obj/startup_stm32f40xx.o
LOAD libraries/libSTM32F4xx_StdPeriph_Driver.a
LOAD /usr/local/gcc-arm-none-eabi-6_2-2016q4/bin/../lib/gcc/arm-none-eabi/6.2.1/../../../../arm-none-eabi/lib/thumb/v7e-m/fpv5-sp/hard/libm.a
LOAD /usr/local/gcc-arm-none-eabi-6_2-2016q4/bin/../lib/gcc/arm-none-eabi/6.2.1/../../../../arm-none-eabi/lib/thumb/v7e-m/fpv5-sp/hard/libc.a
LOAD /usr/local/gcc-arm-none-eabi-6_2-2016q4/bin/../lib/gcc/arm-none-eabi/6.2.1/thumb/v7e-m/fpv5-sp/hard/libgcc.a
LOAD /usr/local/gcc-arm-none-eabi-6_2-2016q4/bin/../lib/gcc/arm-none-eabi/6.2.1/../../../../arm-none-eabi/lib/thumb/v7e-m/fpv5-sp/hard/libg.a
LOAD /usr/local/gcc-arm-none-eabi-6_2-2016q4/bin/../lib/gcc/arm-none-eabi/6.2.1/../../../../arm-none-eabi/lib/thumb/v7e-m/fpv5-sp/hard/libnosys.a
START GROUP
LOAD /usr/local/gcc-arm-none-eabi-6_2-2016q4/bin/../lib/gcc/arm-none-eabi/6.2.1/thumb/v7e-m/fpv5-sp/hard/libgcc.a
LOAD /usr/local/gcc-arm-none-eabi-6_2-2016q4/bin/../lib/gcc/arm-none-eabi/6.2.1/../../../../arm-none-eabi/lib/thumb/v7e-m/fpv5-sp/hard/libg.a
LOAD /usr/local/gcc-arm-none-eabi-6_2-2016q4/bin/../lib/gcc/arm-none-eabi/6.2.1/../../../../arm-none-eabi/lib/thumb/v7e-m/fpv5-sp/hard/libc.a
END GROUP
LOAD /usr/local/gcc-arm-none-eabi-6_2-2016q4/bin/../lib/gcc/arm-none-eabi/6.2.1/thumb/v7e-m/fpv5-sp/hard/crtend.o
LOAD /usr/local/gcc-arm-none-eabi-6_2-2016q4/bin/../lib/gcc/arm-none-eabi/6.2.1/thumb/v7e-m/fpv5-sp/hard/crtn.o
OUTPUT(bin/main.elf elf32-littlearm)

.debug_info     0x0000000000000000    0x2107f
 .debug_info    0x0000000000000000      0xd6a obj/lsm9ds0.o
 .debug_info    0x0000000000000d6a     0x1e32 obj/hw_conf.o
 .debug_info    0x0000000000002b9c     0x1a29 obj/usb_bsp.o
 .debug_info    0x00000000000045c5      0xa1e obj/usbd_usr.o
 .debug_info    0x0000000000004fe3     0x20fc obj/main.o
 .debug_info    0x00000000000070df     0x13bc obj/stm32f4xx_it.o
 .debug_info    0x000000000000849b     0x1100 obj/jacobiTS.o
 .debug_info    0x000000000000959b      0xe6e obj/usbd_desc.o
 .debug_info    0x000000000000a409     0x19bd obj/wahba_rot.o
 .debug_info    0x000000000000bdc6      0x60a obj/system_stm32f4xx.o
 .debug_info    0x000000000000c3d0     0x19af obj/usbd_cdc_vcp.o
 .debug_info    0x000000000000dd7f       0x74 obj/startup_stm32f40xx.o
 .debug_info    0x000000000000ddf3      0x82b libraries/libSTM32F4xx_StdPeriph_Driver.a(stm32f4xx_gpio.o)
 .debug_info    0x000000000000e61e     0x24df libraries/libSTM32F4xx_StdPeriph_Driver.a(stm32f4xx_tim.o)
 .debug_info    0x0000000000010afd      0xc3c libraries/libSTM32F4xx_StdPeriph_Driver.a(stm32f4xx_i2c.o)
 .debug_info    0x0000000000011739      0xee1 libraries/libSTM32F4xx_StdPeriph_Driver.a(stm32f4xx_rcc.o)
 .debug_info    0x000000000001261a      0x534 libraries/libSTM32F4xx_StdPeriph_Driver.a(misc.o)
 .debug_info    0x0000000000012b4e     0x2c84 libraries/libSTM32F4xx_StdPeriph_Driver.a(usb_dcd_int.o)
 .debug_info    0x00000000000157d2     0x32e7 libraries/libSTM32F4xx_StdPeriph_Driver.a(usb_core.o)
 .debug_info    0x0000000000018ab9     0x1e1e libraries/libSTM32F4xx_StdPeriph_Driver.a(usbd_req.o)
 .debug_info    0x000000000001a8d7     0x1be6 libraries/libSTM32F4xx_StdPeriph_Driver.a(usbd_core.o)
 .debug_info    0x000000000001c4bd     0x1626 libraries/libSTM32F4xx_StdPeriph_Driver.a(usbd_ioreq.o)
 .debug_info    0x000000000001dae3     0x1aab libraries/libSTM32F4xx_StdPeriph_Driver.a(usbd_cdc_core.o)
 .debug_info    0x000000000001f58e     0x1af1 libraries/libSTM32F4xx_StdPeriph_Driver.a(usb_dcd.o)

.debug_abbrev   0x0000000000000000     0x4584
 .debug_abbrev  0x0000000000000000      0x257 obj/lsm9ds0.o
 .debug_abbrev  0x0000000000000257      0x382 obj/hw_conf.o
 .debug_abbrev  0x00000000000005d9      0x329 obj/usb_bsp.o
 .debug_abbrev  0x0000000000000902      0x222 obj/usbd_usr.o
 .debug_abbrev  0x0000000000000b24      0x369 obj/main.o
 .debug_abbrev  0x0000000000000e8d      0x25b obj/stm32f4xx_it.o
 .debug_abbrev  0x00000000000010e8      0x359 obj/jacobiTS.o
 .debug_abbrev  0x0000000000001441      0x350 obj/usbd_desc.o
 .debug_abbrev  0x0000000000001791      0x3b6 obj/wahba_rot.o
 .debug_abbrev  0x0000000000001b47      0x180 obj/system_stm32f4xx.o
 .debug_abbrev  0x0000000000001cc7      0x315 obj/usbd_cdc_vcp.o
 .debug_abbrev  0x0000000000001fdc       0x12 obj/startup_stm32f40xx.o
 .debug_abbrev  0x0000000000001fee      0x209 libraries/libSTM32F4xx_StdPeriph_Driver.a(stm32f4xx_gpio.o)